Archive member included to satisfy reference by file (symbol)

C:/ST/STM32CubeIDE_1.8.0/STM32CubeIDE/plugins/com.st.stm32cube.ide.mcu.externaltools.gnu-tools-for-stm32.12.3.rel1.win32_1.0.100.202403111256/tools/bin/../lib/gcc/arm-none-eabi/12.3.1/../../../../arm-none-eabi/lib/thumb/v8-m.main+fp/hard\libc_nano.a(libc_a-exit.o)
                              C:/ST/STM32CubeIDE_1.8.0/STM32CubeIDE/plugins/com.st.stm32cube.ide.mcu.externaltools.gnu-tools-for-stm32.12.3.rel1.win32_1.0.100.202403111256/tools/bin/../lib/gcc/arm-none-eabi/12.3.1/../../../../arm-none-eabi/lib/thumb/v8-m.main+fp/hard/crt0.o (exit)
C:/ST/STM32CubeIDE_1.8.0/STM32CubeIDE/plugins/com.st.stm32cube.ide.mcu.externaltools.gnu-tools-for-stm32.12.3.rel1.win32_1.0.100.202403111256/tools/bin/../lib/gcc/arm-none-eabi/12.3.1/../../../../arm-none-eabi/lib/thumb/v8-m.main+fp/hard\libc_nano.a(libc_a-malloc.o)
                              ./Core/ThreadSafe/newlib_lock_glue.o (malloc)
C:/ST/STM32CubeIDE_1.8.0/STM32CubeIDE/plugins/com.st.stm32cube.ide.mcu.externaltools.gnu-tools-for-stm32.12.3.rel1.win32_1.0.100.202403111256/tools/bin/../lib/gcc/arm-none-eabi/12.3.1/../../../../arm-none-eabi/lib/thumb/v8-m.main+fp/hard\libc_nano.a(libc_a-mallocr.o)
                              C:/ST/STM32CubeIDE_1.8.0/STM32CubeIDE/plugins/com.st.stm32cube.ide.mcu.externaltools.gnu-tools-for-stm32.12.3.rel1.win32_1.0.100.202403111256/tools/bin/../lib/gcc/arm-none-eabi/12.3.1/../../../../arm-none-eabi/lib/thumb/v8-m.main+fp/hard\libc_nano.a(libc_a-malloc.o) (_malloc_r)
C:/ST/STM32CubeIDE_1.8.0/STM32CubeIDE/plugins/com.st.stm32cube.ide.mcu.externaltools.gnu-tools-for-stm32.12.3.rel1.win32_1.0.100.202403111256/tools/bin/../lib/gcc/arm-none-eabi/12.3.1/../../../../arm-none-eabi/lib/thumb/v8-m.main+fp/hard\libc_nano.a(libc_a-mlock.o)
                              C:/ST/STM32CubeIDE_1.8.0/STM32CubeIDE/plugins/com.st.stm32cube.ide.mcu.externaltools.gnu-tools-for-stm32.12.3.rel1.win32_1.0.100.202403111256/tools/bin/../lib/gcc/arm-none-eabi/12.3.1/../../../../arm-none-eabi/lib/thumb/v8-m.main+fp/hard\libc_nano.a(libc_a-mallocr.o) (__malloc_lock)
C:/ST/STM32CubeIDE_1.8.0/STM32CubeIDE/plugins/com.st.stm32cube.ide.mcu.externaltools.gnu-tools-for-stm32.12.3.rel1.win32_1.0.100.202403111256/tools/bin/../lib/gcc/arm-none-eabi/12.3.1/../../../../arm-none-eabi/lib/thumb/v8-m.main+fp/hard\libc_nano.a(libc_a-findfp.o)
                              ./Middlewares/Third_Party/FreeRTOS/Source/tasks.o (__sf)
C:/ST/STM32CubeIDE_1.8.0/STM32CubeIDE/plugins/com.st.stm32cube.ide.mcu.externaltools.gnu-tools-for-stm32.12.3.rel1.win32_1.0.100.202403111256/tools/bin/../lib/gcc/arm-none-eabi/12.3.1/../../../../arm-none-eabi/lib/thumb/v8-m.main+fp/hard\libc_nano.a(libc_a-fwalk.o)
                              C:/ST/STM32CubeIDE_1.8.0/STM32CubeIDE/plugins/com.st.stm32cube.ide.mcu.externaltools.gnu-tools-for-stm32.12.3.rel1.win32_1.0.100.202403111256/tools/bin/../lib/gcc/arm-none-eabi/12.3.1/../../../../arm-none-eabi/lib/thumb/v8-m.main+fp/hard\libc_nano.a(libc_a-findfp.o) (_fwalk_sglue)
C:/ST/STM32CubeIDE_1.8.0/STM32CubeIDE/plugins/com.st.stm32cube.ide.mcu.externaltools.gnu-tools-for-stm32.12.3.rel1.win32_1.0.100.202403111256/tools/bin/../lib/gcc/arm-none-eabi/12.3.1/../../../../arm-none-eabi/lib/thumb/v8-m.main+fp/hard\libc_nano.a(libc_a-sprintf.o)
                              ./Middlewares/Third_Party/FreeRTOS/Source/tasks.o (sprintf)
C:/ST/STM32CubeIDE_1.8.0/STM32CubeIDE/plugins/com.st.stm32cube.ide.mcu.externaltools.gnu-tools-for-stm32.12.3.rel1.win32_1.0.100.202403111256/tools/bin/../lib/gcc/arm-none-eabi/12.3.1/../../../../arm-none-eabi/lib/thumb/v8-m.main+fp/hard\libc_nano.a(libc_a-stdio.o)
                              C:/ST/STM32CubeIDE_1.8.0/STM32CubeIDE/plugins/com.st.stm32cube.ide.mcu.externaltools.gnu-tools-for-stm32.12.3.rel1.win32_1.0.100.202403111256/tools/bin/../lib/gcc/arm-none-eabi/12.3.1/../../../../arm-none-eabi/lib/thumb/v8-m.main+fp/hard\libc_nano.a(libc_a-findfp.o) (__sread)
C:/ST/STM32CubeIDE_1.8.0/STM32CubeIDE/plugins/com.st.stm32cube.ide.mcu.externaltools.gnu-tools-for-stm32.12.3.rel1.win32_1.0.100.202403111256/tools/bin/../lib/gcc/arm-none-eabi/12.3.1/../../../../arm-none-eabi/lib/thumb/v8-m.main+fp/hard\libc_nano.a(libc_a-memset.o)
                              C:/ST/STM32CubeIDE_1.8.0/STM32CubeIDE/plugins/com.st.stm32cube.ide.mcu.externaltools.gnu-tools-for-stm32.12.3.rel1.win32_1.0.100.202403111256/tools/bin/../lib/gcc/arm-none-eabi/12.3.1/../../../../arm-none-eabi/lib/thumb/v8-m.main+fp/hard/crt0.o (memset)
C:/ST/STM32CubeIDE_1.8.0/STM32CubeIDE/plugins/com.st.stm32cube.ide.mcu.externaltools.gnu-tools-for-stm32.12.3.rel1.win32_1.0.100.202403111256/tools/bin/../lib/gcc/arm-none-eabi/12.3.1/../../../../arm-none-eabi/lib/thumb/v8-m.main+fp/hard\libc_nano.a(libc_a-closer.o)
[...]
Memory Configuration

Name             Origin             Length             Attributes
RAM              0x20000000         0x000c0000         xrw
SRAM4            0x28000000         0x00004000         xrw
FLASH            0x08000000         0x00100000         xr
*default*        0x00000000         0xffffffff

Linker script and memory map

LOAD C:/ST/STM32CubeIDE_1.8.0/STM32CubeIDE/plugins/com.st.stm32cube.ide.mcu.externaltools.gnu-tools-for-stm32.12.3.rel1.win32_1.0.100.202403111256/tools/bin/../lib/gcc/arm-none-eabi/12.3.1/thumb/v8-m.main+fp/hard/crti.o
LOAD C:/ST/STM32CubeIDE_1.8.0/STM32CubeIDE/plugins/com.st.stm32cube.ide.mcu.externaltools.gnu-tools-for-stm32.12.3.rel1.win32_1.0.100.202403111256/tools/bin/../lib/gcc/arm-none-eabi/12.3.1/thumb/v8-m.main+fp/hard/crtbegin.o
LOAD C:/ST/STM32CubeIDE_1.8.0/STM32CubeIDE/plugins/com.st.stm32cube.ide.mcu.externaltools.gnu-tools-for-stm32.12.3.rel1.win32_1.0.100.202403111256/tools/bin/../lib/gcc/arm-none-eabi/12.3.1/../../../../arm-none-eabi/lib/thumb/v8-m.main+fp/hard/crt0.o
LOAD ./Core/Src/ads124s08.o
LOAD ./Core/Src/app_freertos.o
LOAD ./Core/Src/gpdma.o
LOAD ./Core/Src/gpio.o
LOAD ./Core/Src/i2c.o
LOAD ./Core/Src/icache.o
LOAD ./Core/Src/main.o
LOAD ./Core/Src/memorymap.o
LOAD ./Core/Src/rtc.o
LOAD ./Core/Src/spi.o
LOAD ./Core/Src/stm32u5xx_hal_msp.o
LOAD ./Core/Src/stm32u5xx_hal_timebase_tim.o
LOAD ./Core/Src/stm32u5xx_it.o
LOAD ./Core/Src/syscalls.o
LOAD ./Core/Src/sysmem.o
LOAD ./Core/Src/system_stm32u5xx.o
LOAD ./Core/Src/tim.o
LOAD ./Core/Src/usart.o
LOAD ./Core/Startup/startup_stm32u575vgtx.o
LOAD ./Core/ThreadSafe/newlib_lock_glue.o
LOAD ./Drivers/STM32U5xx_HAL_Driver/Src/stm32u5xx_hal.o
LOAD ./Drivers/STM32U5xx_HAL_Driver/Src/stm32u5xx_hal_cortex.o
LOAD ./Drivers/STM32U5xx_HAL_Driver/Src/stm32u5xx_hal_dma.o
LOAD ./Drivers/STM32U5xx_HAL_Driver/Src/stm32u5xx_hal_dma_ex.o
LOAD ./Drivers/STM32U5xx_HAL_Driver/Src/stm32u5xx_hal_exti.o
LOAD ./Drivers/STM32U5xx_HAL_Driver/Src/stm32u5xx_hal_flash.o
LOAD ./Drivers/STM32U5xx_HAL_Driver/Src/stm32u5xx_hal_flash_ex.o
LOAD ./Drivers/STM32U5xx_HAL_Driver/Src/stm32u5xx_hal_gpio.o
LOAD ./Drivers/STM32U5xx_HAL_Driver/Src/stm32u5xx_hal_gtzc.o
LOAD ./Drivers/STM32U5xx_HAL_Driver/Src/stm32u5xx_hal_i2c.o
LOAD ./Drivers/STM32U5xx_HAL_Driver/Src/stm32u5xx_hal_i2c_ex.o
LOAD ./Drivers/STM32U5xx_HAL_Driver/Src/stm32u5xx_hal_icache.o
LOAD ./Drivers/STM32U5xx_HAL_Driver/Src/stm32u5xx_hal_pwr.o
LOAD ./Drivers/STM32U5xx_HAL_Driver/Src/stm32u5xx_hal_pwr_ex.o
LOAD ./Drivers/STM32U5xx_HAL_Driver/Src/stm32u5xx_hal_rcc.o
LOAD ./Drivers/STM32U5xx_HAL_Driver/Src/stm32u5xx_hal_rcc_ex.o
LOAD ./Drivers/STM32U5xx_HAL_Driver/Src/stm32u5xx_hal_rtc.o
LOAD ./Drivers/STM32U5xx_HAL_Driver/Src/stm32u5xx_hal_rtc_ex.o
LOAD ./Drivers/STM32U5xx_HAL_Driver/Src/stm32u5xx_hal_spi.o
LOAD ./Drivers/STM32U5xx_HAL_Driver/Src/stm32u5xx_hal_spi_ex.o
LOAD ./Drivers/STM32U5xx_HAL_Driver/Src/stm32u5xx_hal_tim.o
LOAD ./Drivers/STM32U5xx_HAL_Driver/Src/stm32u5xx_hal_tim_ex.o
LOAD ./Drivers/STM32U5xx_HAL_Driver/Src/stm32u5xx_ll_dma.o
LOAD ./Drivers/STM32U5xx_HAL_Driver/Src/stm32u5xx_ll_exti.o
LOAD ./Drivers/STM32U5xx_HAL_Driver/Src/stm32u5xx_ll_gpio.o
LOAD ./Drivers/STM32U5xx_HAL_Driver/Src/stm32u5xx_ll_lpgpio.o
LOAD ./Drivers/STM32U5xx_HAL_Driver/Src/stm32u5xx_ll_rcc.o
LOAD ./Drivers/STM32U5xx_HAL_Driver/Src/stm32u5xx_ll_usart.o
LOAD ./Drivers/STM32U5xx_HAL_Driver/Src/stm32u5xx_ll_utils.o
LOAD ./Middlewares/Third_Party/FreeRTOS/Source/CMSIS_RTOS_V2/cmsis_os2.o
LOAD ./Middlewares/Third_Party/FreeRTOS/Source/croutine.o
LOAD ./Middlewares/Third_Party/FreeRTOS/Source/event_groups.o
LOAD ./Middlewares/Third_Party/FreeRTOS/Source/list.o
LOAD ./Middlewares/Third_Party/FreeRTOS/Source/queue.o
LOAD ./Middlewares/Third_Party/FreeRTOS/Source/stream_buffer.o
LOAD ./Middlewares/Third_Party/FreeRTOS/Source/tasks.o
LOAD ./Middlewares/Third_Party/FreeRTOS/Source/timers.o
LOAD ./Middlewares/Third_Party/FreeRTOS/Source/portable/GCC/ARM_CM33_NTZ/non_secure/port.o
LOAD ./Middlewares/Third_Party/FreeRTOS/Source/portable/GCC/ARM_CM33_NTZ/non_secure/portasm.o
LOAD ./Middlewares/Third_Party/FreeRTOS/Source/portable/MemMang/heap_4.o
START GROUP
LOAD C:/ST/STM32CubeIDE_1.8.0/STM32CubeIDE/plugins/com.st.stm32cube.ide.mcu.externaltools.gnu-tools-for-stm32.12.3.rel1.win32_1.0.100.202403111256/tools/bin/../lib/gcc/arm-none-eabi/12.3.1/../../../../arm-none-eabi/lib/thumb/v8-m.main+fp/hard\libc_nano.a
LOAD C:/ST/STM32CubeIDE_1.8.0/STM32CubeIDE/plugins/com.st.stm32cube.ide.mcu.externaltools.gnu-tools-for-stm32.12.3.rel1.win32_1.0.100.202403111256/tools/bin/../lib/gcc/arm-none-eabi/12.3.1/../../../../arm-none-eabi/lib/thumb/v8-m.main+fp/hard\libm.a
END GROUP
START GROUP
LOAD C:/ST/STM32CubeIDE_1.8.0/STM32CubeIDE/plugins/com.st.stm32cube.ide.mcu.externaltools.gnu-tools-for-stm32.12.3.rel1.win32_1.0.100.202403111256/tools/bin/../lib/gcc/arm-none-eabi/12.3.1/thumb/v8-m.main+fp/hard\libgcc.a
LOAD C:/ST/STM32CubeIDE_1.8.0/STM32CubeIDE/plugins/com.st.stm32cube.ide.mcu.externaltools.gnu-tools-for-stm32.12.3.rel1.win32_1.0.100.202403111256/tools/bin/../lib/gcc/arm-none-eabi/12.3.1/../../../../arm-none-eabi/lib/thumb/v8-m.main+fp/hard\libc_nano.a
END GROUP
START GROUP
LOAD C:/ST/STM32CubeIDE_1.8.0/STM32CubeIDE/plugins/com.st.stm32cube.ide.mcu.externaltools.gnu-tools-for-stm32.12.3.rel1.win32_1.0.100.202403111256/tools/bin/../lib/gcc/arm-none-eabi/12.3.1/thumb/v8-m.main+fp/hard\libgcc.a
LOAD C:/ST/STM32CubeIDE_1.8.0/STM32CubeIDE/plugins/com.st.stm32cube.ide.mcu.externaltools.gnu-tools-for-stm32.12.3.rel1.win32_1.0.100.202403111256/tools/bin/../lib/gcc/arm-none-eabi/12.3.1/../../../../arm-none-eabi/lib/thumb/v8-m.main+fp/hard\libc_nano.a
LOAD C:/ST/STM32CubeIDE_1.8.0/STM32CubeIDE/plugins/com.st.stm32cube.ide.mcu.externaltools.gnu-tools-for-stm32.12.3.rel1.win32_1.0.100.202403111256/tools/bin/../lib/gcc/arm-none-eabi/12.3.1/../../../../arm-none-eabi/lib/thumb/v8-m.main+fp/hard\libnosys.a
END GROUP
START GROUP
LOAD C:/ST/STM32CubeIDE_1.8.0/STM32CubeIDE/plugins/com.st.stm32cube.ide.mcu.externaltools.gnu-tools-for-stm32.12.3.rel1.win32_1.0.100.202403111256/tools/bin/../lib/gcc/arm-none-eabi/12.3.1/thumb/v8-m.main+fp/hard\libgcc.a
LOAD C:/ST/STM32CubeIDE_1.8.0/STM32CubeIDE/plugins/com.st.stm32cube.ide.mcu.externaltools.gnu-tools-for-stm32.12.3.rel1.win32_1.0.100.202403111256/tools/bin/../lib/gcc/arm-none-eabi/12.3.1/../../../../arm-none-eabi/lib/thumb/v8-m.main+fp/hard\libc_nano.a
LOAD C:/ST/STM32CubeIDE_1.8.0/STM32CubeIDE/plugins/com.st.stm32cube.ide.mcu.externaltools.gnu-tools-for-stm32.12.3.rel1.win32_1.0.100.202403111256/tools/bin/../lib/gcc/arm-none-eabi/12.3.1/../../../../arm-none-eabi/lib/thumb/v8-m.main+fp/hard\libnosys.a
END GROUP
LOAD C:/ST/STM32CubeIDE_1.8.0/STM32CubeIDE/plugins/com.st.stm32cube.ide.mcu.externaltools.gnu-tools-for-stm32.12.3.rel1.win32_1.0.100.202403111256/tools/bin/../lib/gcc/arm-none-eabi/12.3.1/thumb/v8-m.main+fp/hard/crtend.o
LOAD C:/ST/STM32CubeIDE_1.8.0/STM32CubeIDE/plugins/com.st.stm32cube.ide.mcu.externaltools.gnu-tools-for-stm32.12.3.rel1.win32_1.0.100.202403111256/tools/bin/../lib/gcc/arm-none-eabi/12.3.1/thumb/v8-m.main+fp/hard/crtn.o
                0x200c0000                        _estack = (ORIGIN (RAM) + LENGTH (RAM))
                0x00000200                        _Min_Heap_Size = 0x200
                0x00000400                        _Min_Stack_Size = 0x400

.isr_vector     0x08000000      0x238
 *(.isr_vector)
 .isr_vector    0x08000000      0x238 ./Core/Startup/startup_stm32u575vgtx.o
                0x08000000                g_pfnVectors

.text           0x08000240     0xce0c
 *(.text)
 .text          0x08000240       0x40 C:/ST/STM32CubeIDE_1.8.0/STM32CubeIDE/plugins/com.st.stm32cube.ide.mcu.externaltools.gnu-tools-for-stm32.12.3.rel1.win32_1.0.100.202403111256/tools/bin/../lib/gcc/arm-none-eabi/12.3.1/thumb/v8-m.main+fp/hard/crtbegin.o
 *(.text*)
 .text.vApplicationStackOverflowHook
                0x08000280       0x16 ./Core/Src/app_freertos.o
                0x08000280                vApplicationStackOverflowHook
 .text.configureTimerForRunTimeStats
                0x08000296        0xe ./Core/Src/app_freertos.o
                0x08000296                configureTimerForRunTimeStats
 .text.getRunTimeCounterValue
                0x080002a4       0x10 ./Core/Src/app_freertos.o
                0x080002a4                getRunTimeCounterValue
 .text.MX_FREERTOS_Init
                0x080002b4      0x204 ./Core/Src/app_freertos.o
                0x080002b4                MX_FREERTOS_Init
 .text.StartMainTask
                0x080004b8       0x10 ./Core/Src/app_freertos.o
                0x080004b8                StartMainTask
 .text.StartWifiTask
                0x080004c8       0x10 ./Core/Src/app_freertos.o
                0x080004c8                StartWifiTask
 .text.StartsensorADCTask
                0x080004d8       0x10 ./Core/Src/app_freertos.o
                0x080004d8                StartsensorADCTask
 .text.StartButtonTask
                0x080004e8       0x10 ./Core/Src/app_freertos.o
                0x080004e8                StartButtonTask
 .text.StartsensorsBMETask
                0x080004f8       0x10 ./Core/Src/app_freertos.o
                0x080004f8                StartsensorsBMETask
 .text.Startsensorzmod4410Task
                0x08000508       0x10 ./Core/Src/app_freertos.o
                0x08000508                Startsensorzmod4410Task
 .text.Startsensorzmod4450Task
                0x08000518       0x10 ./Core/Src/app_freertos.o
                0x08000518                Startsensorzmod4450Task
 .text.StartTask08
                0x08000528       0x10 ./Core/Src/app_freertos.o
                0x08000528                StartTask08
 .text.StartSDCardTask
                0x08000538       0x10 ./Core/Src/app_freertos.o
                0x08000538                StartSDCardTask
 .text.StartwatchdogTask
                0x08000548       0x10 ./Core/Src/app_freertos.o
                0x08000548                StartwatchdogTask
 .text.MX_GPDMA1_Init
                0x08000558       0x50 ./Core/Src/gpdma.o
                0x08000558                MX_GPDMA1_Init
 .text.MX_GPIO_Init
                0x080005a8      0x25c ./Core/Src/gpio.o
                0x080005a8                MX_GPIO_Init
 .text.MX_I2C1_Init
                0x08000804       0x80 ./Core/Src/i2c.o
                0x08000804                MX_I2C1_Init
 .text.MX_I2C2_Init
                0x08000884       0x80 ./Core/Src/i2c.o
                0x08000884                MX_I2C2_Init
 .text.MX_I2C3_Init
                0x08000904       0x80 ./Core/Src/i2c.o
                0x08000904                MX_I2C3_Init
 .text.MX_I2C4_Init
                0x08000984       0x80 ./Core/Src/i2c.o
                0x08000984                MX_I2C4_Init
 .text.HAL_I2C_MspInit
                0x08000a04      0x334 ./Core/Src/i2c.o
                0x08000a04                HAL_I2C_MspInit
 .text.MX_ICACHE_Init
                0x08000d38       0x26 ./Core/Src/icache.o
                0x08000d38                MX_ICACHE_Init
 .text.main     0x08000d5e       0x58 ./Core/Src/main.o
                0x08000d5e                main
 *fill*         0x08000db6        0x2 
 .text.SystemClock_Config
                0x08000db8       0xac ./Core/Src/main.o
                0x08000db8                SystemClock_Config
 .text.SystemPower_Config
                0x08000e64       0x2a ./Core/Src/main.o
 *fill*         0x08000e8e        0x2 
 .text.HAL_TIM_PeriodElapsedCallback
                0x08000e90       0x24 ./Core/Src/main.o
                0x08000e90                HAL_TIM_PeriodElapsedCallback
 .text.Error_Handler
                0x08000eb4        0xc ./Core/Src/main.o
                0x08000eb4                Error_Handler
 .text.MX_RTC_Init
                0x08000ec0      0x108 ./Core/Src/rtc.o
                0x08000ec0                MX_RTC_Init
 .text.HAL_RTC_MspInit
                0x08000fc8       0x98 ./Core/Src/rtc.o
                0x08000fc8                HAL_RTC_MspInit
 .text.HAL_RTC_MspDeInit
                0x08001060       0x58 ./Core/Src/rtc.o
                0x08001060                HAL_RTC_MspDeInit
 .text.MX_SPI1_Init
                0x080010b8       0xe0 ./Core/Src/spi.o
                0x080010b8                MX_SPI1_Init
 .text.MX_SPI3_Init
                0x08001198       0xe0 ./Core/Src/spi.o
                0x08001198                MX_SPI3_Init
 .text.HAL_SPI_MspInit
                0x08001278      0x2b0 ./Core/Src/spi.o
                0x08001278                HAL_SPI_MspInit
 .text.HAL_MspInit
                0x08001528       0x6c ./Core/Src/stm32u5xx_hal_msp.o
                0x08001528                HAL_MspInit
 .text.HAL_InitTick
                0x08001594       0xe0 ./Core/Src/stm32u5xx_hal_timebase_tim.o
                0x08001594                HAL_InitTick
 .text.NMI_Handler
                0x08001674        0x8 ./Core/Src/stm32u5xx_it.o
                0x08001674                NMI_Handler
 .text.HardFault_Handler
                0x0800167c        0x8 ./Core/Src/stm32u5xx_it.o
                0x0800167c                HardFault_Handler
 .text.MemManage_Handler
                0x08001684        0x8 ./Core/Src/stm32u5xx_it.o
                0x08001684                MemManage_Handler
 .text.BusFault_Handler
                0x0800168c        0x8 ./Core/Src/stm32u5xx_it.o
                0x0800168c                BusFault_Handler
 .text.UsageFault_Handler
                0x08001694        0x8 ./Core/Src/stm32u5xx_it.o
                0x08001694                UsageFault_Handler
 .text.DebugMon_Handler
                0x0800169c        0xe ./Core/Src/stm32u5xx_it.o
                0x0800169c                DebugMon_Handler
 .text.FLASH_IRQHandler
                0x080016aa        0xc ./Core/Src/stm32u5xx_it.o
                0x080016aa                FLASH_IRQHandler
 .text.RCC_IRQHandler
                0x080016b6        0xe ./Core/Src/stm32u5xx_it.o
                0x080016b6                RCC_IRQHandler
 .text.EXTI2_IRQHandler
                0x080016c4        0xe ./Core/Src/stm32u5xx_it.o
                0x080016c4                EXTI2_IRQHandler
 .text.EXTI5_IRQHandler
                0x080016d2        0xe ./Core/Src/stm32u5xx_it.o
                0x080016d2                EXTI5_IRQHandler
 .text.EXTI7_IRQHandler
                0x080016e0        0xe ./Core/Src/stm32u5xx_it.o
                0x080016e0                EXTI7_IRQHandler
 *fill*         0x080016ee        0x2 
 .text.GPDMA1_Channel0_IRQHandler
                0x080016f0       0x14 ./Core/Src/stm32u5xx_it.o
                0x080016f0                GPDMA1_Channel0_IRQHandler
 .text.GPDMA1_Channel1_IRQHandler
                0x08001704       0x14 ./Core/Src/stm32u5xx_it.o
                0x08001704                GPDMA1_Channel1_IRQHandler
 .text.TIM3_IRQHandler
                0x08001718       0x14 ./Core/Src/stm32u5xx_it.o
                0x08001718                TIM3_IRQHandler
 .text.TIM8_UP_IRQHandler
                0x0800172c       0x14 ./Core/Src/stm32u5xx_it.o
                0x0800172c                TIM8_UP_IRQHandler
 .text.TIM8_TRG_COM_IRQHandler
                0x08001740       0x14 ./Core/Src/stm32u5xx_it.o
                0x08001740                TIM8_TRG_COM_IRQHandler
 .text.TIM8_CC_IRQHandler
                0x08001754       0x14 ./Core/Src/stm32u5xx_it.o
                0x08001754                TIM8_CC_IRQHandler
 .text.I2C1_EV_IRQHandler
                0x08001768       0x14 ./Core/Src/stm32u5xx_it.o
                0x08001768                I2C1_EV_IRQHandler
 .text.I2C1_ER_IRQHandler
                0x0800177c       0x14 ./Core/Src/stm32u5xx_it.o
                0x0800177c                I2C1_ER_IRQHandler
 .text.I2C2_EV_IRQHandler
                0x08001790       0x14 ./Core/Src/stm32u5xx_it.o
                0x08001790                I2C2_EV_IRQHandler
 .text.I2C2_ER_IRQHandler
                0x080017a4       0x14 ./Core/Src/stm32u5xx_it.o
                0x080017a4                I2C2_ER_IRQHandler
 .text.SPI1_IRQHandler
                0x080017b8       0x14 ./Core/Src/stm32u5xx_it.o
                0x080017b8                SPI1_IRQHandler
 .text.USART1_IRQHandler
                0x080017cc        0xe ./Core/Src/stm32u5xx_it.o
                0x080017cc                USART1_IRQHandler
 *fill*         0x080017da        0x2 
 .text.TIM17_IRQHandler
                0x080017dc       0x14 ./Core/Src/stm32u5xx_it.o
                0x080017dc                TIM17_IRQHandler
 .text.I2C3_EV_IRQHandler
                0x080017f0       0x14 ./Core/Src/stm32u5xx_it.o
                0x080017f0                I2C3_EV_IRQHandler
 .text.I2C3_ER_IRQHandler
                0x08001804       0x14 ./Core/Src/stm32u5xx_it.o
                0x08001804                I2C3_ER_IRQHandler
 .text.SPI3_IRQHandler
                0x08001818       0x14 ./Core/Src/stm32u5xx_it.o
                0x08001818                SPI3_IRQHandler
 .text.I2C4_EV_IRQHandler
                0x0800182c       0x14 ./Core/Src/stm32u5xx_it.o
                0x0800182c                I2C4_EV_IRQHandler
 .text.I2C4_ER_IRQHandler
                0x08001840       0x14 ./Core/Src/stm32u5xx_it.o
                0x08001840                I2C4_ER_IRQHandler
 .text.ICACHE_IRQHandler
                0x08001854        0xc ./Core/Src/stm32u5xx_it.o
                0x08001854                ICACHE_IRQHandler
 .text.SystemInit
                0x08001860       0x70 ./Core/Src/system_stm32u5xx.o
                0x08001860                SystemInit
 .text.MX_TIM1_Init
                0x080018d0      0x158 ./Core/Src/tim.o
                0x080018d0                MX_TIM1_Init
 .text.MX_TIM3_Init
                0x08001a28       0xe0 ./Core/Src/tim.o
                0x08001a28                MX_TIM3_Init
 .text.MX_TIM8_Init
                0x08001b08       0xa8 ./Core/Src/tim.o
                0x08001b08                MX_TIM8_Init
 .text.HAL_TIM_PWM_MspInit
                0x08001bb0       0x80 ./Core/Src/tim.o
                0x08001bb0                HAL_TIM_PWM_MspInit
 .text.HAL_TIM_Base_MspInit
                0x08001c30       0x70 ./Core/Src/tim.o
                0x08001c30                HAL_TIM_Base_MspInit
 .text.HAL_TIM_MspPostInit
                0x08001ca0       0xc4 ./Core/Src/tim.o
                0x08001ca0                HAL_TIM_MspPostInit
 .text.__NVIC_GetPriorityGrouping
                0x08001d64       0x1c ./Core/Src/usart.o
 .text.__NVIC_EnableIRQ
                0x08001d80       0x3c ./Core/Src/usart.o
 .text.__NVIC_SetPriority
                0x08001dbc       0x54 ./Core/Src/usart.o
 .text.NVIC_EncodePriority
                0x08001e10       0x66 ./Core/Src/usart.o
 .text.LL_USART_Enable
                0x08001e76       0x20 ./Core/Src/usart.o
 .text.LL_USART_DisableFIFO
                0x08001e96       0x20 ./Core/Src/usart.o
 .text.LL_USART_SetTXFIFOThreshold
                0x08001eb6       0x4e ./Core/Src/usart.o
 .text.LL_USART_SetRXFIFOThreshold
                0x08001f04       0x4e ./Core/Src/usart.o
 .text.LL_USART_ConfigAsyncMode
                0x08001f52       0x2c ./Core/Src/usart.o
 *fill*         0x08001f7e        0x2 
 .text.LL_AHB2_GRP1_EnableClock
                0x08001f80       0x38 ./Core/Src/usart.o
 .text.LL_APB2_GRP1_EnableClock
                0x08001fb8       0x38 ./Core/Src/usart.o
 .text.MX_USART1_UART_Init
                0x08001ff0      0x124 ./Core/Src/usart.o
                0x08001ff0                MX_USART1_UART_Init
 .text.Reset_Handler
                0x08002114       0x50 ./Core/Startup/startup_stm32u575vgtx.o
                0x08002114                Reset_Handler
 .text.Default_Handler
                0x08002164        0x2 ./Core/Startup/startup_stm32u575vgtx.o
                0x08002164                FLASH_S_IRQHandler
                0x08002164                EXTI13_IRQHandler
                0x08002164                TIM1_CC_IRQHandler
                0x08002164                TSC_IRQHandler
                0x08002164                TAMP_IRQHandler
                0x08002164                TIM6_IRQHandler
                0x08002164                EXTI12_IRQHandler
                0x08002164                CORDIC_IRQHandler
                0x08002164                EXTI3_IRQHandler
                0x08002164                LPTIM4_IRQHandler
                0x08002164                GPDMA1_Channel5_IRQHandler
                0x08002164                EXTI8_IRQHandler
                0x08002164                LPTIM2_IRQHandler
                0x08002164                PWR_S3WU_IRQHandler
                0x08002164                MDF1_FLT2_IRQHandler
                0x08002164                LPDMA1_Channel3_IRQHandler
                0x08002164                LPTIM3_IRQHandler
                0x08002164                EXTI0_IRQHandler
                0x08002164                FPU_IRQHandler
                0x08002164                GPDMA1_Channel3_IRQHandler
                0x08002164                GPDMA1_Channel7_IRQHandler
                0x08002164                MDF1_FLT4_IRQHandler
                0x08002164                FDCAN1_IT1_IRQHandler
                0x08002164                RAMCFG_IRQHandler
                0x08002164                GPDMA1_Channel9_IRQHandler
                0x08002164                DCACHE1_IRQHandler
                0x08002164                OCTOSPI1_IRQHandler
                0x08002164                GPDMA1_Channel2_IRQHandler
                0x08002164                RCC_S_IRQHandler
                0x08002164                OCTOSPI2_IRQHandler
                0x08002164                SAI2_IRQHandler
                0x08002164                MDF1_FLT1_IRQHandler
                0x08002164                ADC1_IRQHandler
                0x08002164                MDF1_FLT5_IRQHandler
                0x08002164                EXTI15_IRQHandler
                0x08002164                USART3_IRQHandler
                0x08002164                RTC_IRQHandler
                0x08002164                EXTI9_IRQHandler
                0x08002164                UART5_IRQHandler
                0x08002164                TIM4_IRQHandler
                0x08002164                GPDMA1_Channel12_IRQHandler
                0x08002164                TIM16_IRQHandler
                0x08002164                GPDMA1_Channel15_IRQHandler
                0x08002164                UART4_IRQHandler
                0x08002164                SecureFault_Handler
                0x08002164                TIM1_TRG_COM_IRQHandler
                0x08002164                Default_Handler
                0x08002164                GPDMA1_Channel8_IRQHandler
                0x08002164                FMAC_IRQHandler
                0x08002164                GPDMA1_Channel11_IRQHandler
                0x08002164                TIM7_IRQHandler
                0x08002164                SDMMC1_IRQHandler
                0x08002164                TIM5_IRQHandler
                0x08002164                UCPD1_IRQHandler
                0x08002164                TIM15_IRQHandler
                0x08002164                LPDMA1_Channel0_IRQHandler
                0x08002164                PVD_PVM_IRQHandler
                0x08002164                SPI2_IRQHandler
                0x08002164                LPDMA1_Channel1_IRQHandler
                0x08002164                EXTI14_IRQHandler
                0x08002164                EXTI11_IRQHandler
                0x08002164                CRS_IRQHandler
                0x08002164                GPDMA1_Channel14_IRQHandler
                0x08002164                LSECSSD_IRQHandler
                0x08002164                EXTI4_IRQHandler
                0x08002164                RTC_S_IRQHandler
                0x08002164                GPDMA1_Channel13_IRQHandler
                0x08002164                RNG_IRQHandler
                0x08002164                COMP_IRQHandler
                0x08002164                TIM1_UP_IRQHandler
                0x08002164                ADC4_IRQHandler
                0x08002164                WWDG_IRQHandler
                0x08002164                ADF1_IRQHandler
                0x08002164                IWDG_IRQHandler
                0x08002164                LPUART1_IRQHandler
                0x08002164                MDF1_FLT0_IRQHandler
                0x08002164                FDCAN1_IT0_IRQHandler
                0x08002164                TIM2_IRQHandler
                0x08002164                GPDMA1_Channel4_IRQHandler
                0x08002164                DMA2D_IRQHandler
                0x08002164                TIM1_BRK_IRQHandler
                0x08002164                EXTI1_IRQHandler
                0x08002164                SDMMC2_IRQHandler
                0x08002164                DAC1_IRQHandler
                0x08002164                GTZC_IRQHandler
                0x08002164                MDF1_FLT3_IRQHandler
                0x08002164                USART2_IRQHandler
                0x08002164                GPDMA1_Channel6_IRQHandler
                0x08002164                TIM8_BRK_IRQHandler
                0x08002164                EXTI10_IRQHandler
                0x08002164                OTG_FS_IRQHandler
                0x08002164                LPDMA1_Channel2_IRQHandler
                0x08002164                FMC_IRQHandler
                0x08002164                EXTI6_IRQHandler
                0x08002164                LPTIM1_IRQHandler
                0x08002164                DCMI_PSSI_IRQHandler
                0x08002164                GPDMA1_Channel10_IRQHandler
                0x08002164                SAI1_IRQHandler
                0x08002164                HASH_IRQHandler
 .text.stm32_lock_acquire
                0x08002166       0x72 ./Core/ThreadSafe/newlib_lock_glue.o
 .text.stm32_lock_release
                0x080021d8       0x56 ./Core/ThreadSafe/newlib_lock_glue.o
 .text.__retarget_lock_acquire_recursive
                0x0800222e       0x2a ./Core/ThreadSafe/newlib_lock_glue.o
                0x0800222e                __retarget_lock_acquire_recursive
 .text.__retarget_lock_release_recursive
                0x08002258       0x2a ./Core/ThreadSafe/newlib_lock_glue.o
                0x08002258                __retarget_lock_release_recursive
 *fill*         0x08002282        0x2 
 .text.HAL_Init
                0x08002284       0x60 ./Drivers/STM32U5xx_HAL_Driver/Src/stm32u5xx_hal.o
                0x08002284                HAL_Init
 .text.HAL_IncTick
                0x080022e4       0x28 ./Drivers/STM32U5xx_HAL_Driver/Src/stm32u5xx_hal.o
                0x080022e4                HAL_IncTick
 .text.HAL_GetTick
                0x0800230c       0x18 ./Drivers/STM32U5xx_HAL_Driver/Src/stm32u5xx_hal.o
                0x0800230c                HAL_GetTick
 .text.__NVIC_SetPriorityGrouping
                0x08002324       0x48 ./Drivers/STM32U5xx_HAL_Driver/Src/stm32u5xx_hal_cortex.o
 .text.__NVIC_GetPriorityGrouping
                0x0800236c       0x1c ./Drivers/STM32U5xx_HAL_Driver/Src/stm32u5xx_hal_cortex.o
 .text.__NVIC_EnableIRQ
                0x08002388       0x3c ./Drivers/STM32U5xx_HAL_Driver/Src/stm32u5xx_hal_cortex.o
 .text.__NVIC_SetPriority
                0x080023c4       0x54 ./Drivers/STM32U5xx_HAL_Driver/Src/stm32u5xx_hal_cortex.o
 .text.NVIC_EncodePriority
                0x08002418       0x66 ./Drivers/STM32U5xx_HAL_Driver/Src/stm32u5xx_hal_cortex.o
 .text.HAL_NVIC_SetPriorityGrouping
                0x0800247e       0x16 ./Drivers/STM32U5xx_HAL_Driver/Src/stm32u5xx_hal_cortex.o
                0x0800247e                HAL_NVIC_SetPriorityGrouping
 .text.HAL_NVIC_SetPriority
                0x08002494       0x34 ./Drivers/STM32U5xx_HAL_Driver/Src/stm32u5xx_hal_cortex.o
                0x08002494                HAL_NVIC_SetPriority
 .text.HAL_NVIC_EnableIRQ
                0x080024c8       0x1c ./Drivers/STM32U5xx_HAL_Driver/Src/stm32u5xx_hal_cortex.o
                0x080024c8                HAL_NVIC_EnableIRQ
 .text.HAL_SYSTICK_CLKSourceConfig
                0x080024e4       0xb0 ./Drivers/STM32U5xx_HAL_Driver/Src/stm32u5xx_hal_cortex.o
                0x080024e4                HAL_SYSTICK_CLKSourceConfig
 .text.HAL_DMA_Init
                0x08002594      0x258 ./Drivers/STM32U5xx_HAL_Driver/Src/stm32u5xx_hal_dma.o
                0x08002594                HAL_DMA_Init
 .text.HAL_DMA_Abort_IT
                0x080027ec       0x52 ./Drivers/STM32U5xx_HAL_Driver/Src/stm32u5xx_hal_dma.o
                0x080027ec                HAL_DMA_Abort_IT
 .text.HAL_DMA_IRQHandler
                0x0800283e      0x2c2 ./Drivers/STM32U5xx_HAL_Driver/Src/stm32u5xx_hal_dma.o
                0x0800283e                HAL_DMA_IRQHandler
 .text.HAL_DMA_GetState
                0x08002b00       0x1c ./Drivers/STM32U5xx_HAL_Driver/Src/stm32u5xx_hal_dma.o
                0x08002b00                HAL_DMA_GetState
 .text.HAL_DMA_ConfigChannelAttributes
                0x08002b1c       0x78 ./Drivers/STM32U5xx_HAL_Driver/Src/stm32u5xx_hal_dma.o
                0x08002b1c                HAL_DMA_ConfigChannelAttributes
 .text.DMA_Init
                0x08002b94      0x500 ./Drivers/STM32U5xx_HAL_Driver/Src/stm32u5xx_hal_dma.o
 .text.HAL_DMAEx_GetFifoLevel
                0x08003094       0x1e ./Drivers/STM32U5xx_HAL_Driver/Src/stm32u5xx_hal_dma_ex.o
                0x08003094                HAL_DMAEx_GetFifoLevel
 *fill*         0x080030b2        0x2 
 .text.HAL_FLASH_IRQHandler
                0x080030b4      0x140 ./Drivers/STM32U5xx_HAL_Driver/Src/stm32u5xx_hal_flash.o
                0x080030b4                HAL_FLASH_IRQHandler
 .text.HAL_FLASH_EndOfOperationCallback
                0x080031f4       0x14 ./Drivers/STM32U5xx_HAL_Driver/Src/stm32u5xx_hal_flash.o
                0x080031f4                HAL_FLASH_EndOfOperationCallback
 .text.HAL_FLASH_OperationErrorCallback
                0x08003208       0x14 ./Drivers/STM32U5xx_HAL_Driver/Src/stm32u5xx_hal_flash.o
                0x08003208                HAL_FLASH_OperationErrorCallback
 .text.FLASH_PageErase
                0x0800321c       0x60 ./Drivers/STM32U5xx_HAL_Driver/Src/stm32u5xx_hal_flash_ex.o
                0x0800321c                FLASH_PageErase
 .text.HAL_GPIO_Init
                0x0800327c      0x3b0 ./Drivers/STM32U5xx_HAL_Driver/Src/stm32u5xx_hal_gpio.o
                0x0800327c                HAL_GPIO_Init
 .text.HAL_GPIO_WritePin
                0x0800362c       0x30 ./Drivers/STM32U5xx_HAL_Driver/Src/stm32u5xx_hal_gpio.o
                0x0800362c                HAL_GPIO_WritePin
 .text.HAL_GPIO_EXTI_IRQHandler
                0x0800365c       0x4c ./Drivers/STM32U5xx_HAL_Driver/Src/stm32u5xx_hal_gpio.o
                0x0800365c                HAL_GPIO_EXTI_IRQHandler
 .text.HAL_GPIO_EXTI_Rising_Callback
                0x080036a8       0x16 ./Drivers/STM32U5xx_HAL_Driver/Src/stm32u5xx_hal_gpio.o
                0x080036a8                HAL_GPIO_EXTI_Rising_Callback
 .text.HAL_GPIO_EXTI_Falling_Callback
                0x080036be       0x16 ./Drivers/STM32U5xx_HAL_Driver/Src/stm32u5xx_hal_gpio.o
                0x080036be                HAL_GPIO_EXTI_Falling_Callback
 .text.HAL_I2C_Init
                0x080036d4      0x1b0 ./Drivers/STM32U5xx_HAL_Driver/Src/stm32u5xx_hal_i2c.o
                0x080036d4                HAL_I2C_Init
 .text.HAL_I2C_EV_IRQHandler
                0x08003884       0x34 ./Drivers/STM32U5xx_HAL_Driver/Src/stm32u5xx_hal_i2c.o
                0x08003884                HAL_I2C_EV_IRQHandler
 .text.HAL_I2C_ER_IRQHandler
                0x080038b8       0xb6 ./Drivers/STM32U5xx_HAL_Driver/Src/stm32u5xx_hal_i2c.o
                0x080038b8                HAL_I2C_ER_IRQHandler
 .text.HAL_I2C_MasterTxCpltCallback
                0x0800396e       0x14 ./Drivers/STM32U5xx_HAL_Driver/Src/stm32u5xx_hal_i2c.o
                0x0800396e                HAL_I2C_MasterTxCpltCallback
 .text.HAL_I2C_MasterRxCpltCallback
                0x08003982       0x14 ./Drivers/STM32U5xx_HAL_Driver/Src/stm32u5xx_hal_i2c.o
                0x08003982                HAL_I2C_MasterRxCpltCallback
 .text.HAL_I2C_SlaveTxCpltCallback
                0x08003996       0x14 ./Drivers/STM32U5xx_HAL_Driver/Src/stm32u5xx_hal_i2c.o
                0x08003996                HAL_I2C_SlaveTxCpltCallback
 .text.HAL_I2C_SlaveRxCpltCallback
                0x080039aa       0x14 ./Drivers/STM32U5xx_HAL_Driver/Src/stm32u5xx_hal_i2c.o
                0x080039aa                HAL_I2C_SlaveRxCpltCallback
 .text.HAL_I2C_AddrCallback
                0x080039be       0x1c ./Drivers/STM32U5xx_HAL_Driver/Src/stm32u5xx_hal_i2c.o
                0x080039be                HAL_I2C_AddrCallback
 .text.HAL_I2C_ListenCpltCallback
                0x080039da       0x14 ./Drivers/STM32U5xx_HAL_Driver/Src/stm32u5xx_hal_i2c.o
                0x080039da                HAL_I2C_ListenCpltCallback
 .text.HAL_I2C_MemTxCpltCallback
                0x080039ee       0x14 ./Drivers/STM32U5xx_HAL_Driver/Src/stm32u5xx_hal_i2c.o
                0x080039ee                HAL_I2C_MemTxCpltCallback
 .text.HAL_I2C_MemRxCpltCallback
                0x08003a02       0x14 ./Drivers/STM32U5xx_HAL_Driver/Src/stm32u5xx_hal_i2c.o
                0x08003a02                HAL_I2C_MemRxCpltCallback
 .text.HAL_I2C_ErrorCallback
                0x08003a16       0x14 ./Drivers/STM32U5xx_HAL_Driver/Src/stm32u5xx_hal_i2c.o
                0x08003a16                HAL_I2C_ErrorCallback
 .text.HAL_I2C_AbortCpltCallback
                0x08003a2a       0x14 ./Drivers/STM32U5xx_HAL_Driver/Src/stm32u5xx_hal_i2c.o
                0x08003a2a                HAL_I2C_AbortCpltCallback
 .text.I2C_Slave_ISR_IT
                0x08003a3e      0x1f2 ./Drivers/STM32U5xx_HAL_Driver/Src/stm32u5xx_hal_i2c.o
 .text.I2C_ITAddrCplt
                0x08003c30      0x108 ./Drivers/STM32U5xx_HAL_Driver/Src/stm32u5xx_hal_i2c.o
 .text.I2C_ITSlaveSeqCplt
                0x08003d38       0xbc ./Drivers/STM32U5xx_HAL_Driver/Src/stm32u5xx_hal_i2c.o
 .text.I2C_ITSlaveCplt
                0x08003df4      0x2f4 ./Drivers/STM32U5xx_HAL_Driver/Src/stm32u5xx_hal_i2c.o
 .text.I2C_ITListenCplt
                0x080040e8       0xac ./Drivers/STM32U5xx_HAL_Driver/Src/stm32u5xx_hal_i2c.o
 .text.I2C_ITError
                0x08004194      0x1e0 ./Drivers/STM32U5xx_HAL_Driver/Src/stm32u5xx_hal_i2c.o
 .text.I2C_TreatErrorCallback
                0x08004374       0x52 ./Drivers/STM32U5xx_HAL_Driver/Src/stm32u5xx_hal_i2c.o
 .text.I2C_Flush_TXDR
                0x080043c6       0x48 ./Drivers/STM32U5xx_HAL_Driver/Src/stm32u5xx_hal_i2c.o
 .text.I2C_DMAAbort
                0x0800440e       0x3c ./Drivers/STM32U5xx_HAL_Driver/Src/stm32u5xx_hal_i2c.o
 .text.I2C_Disable_IRQ
                0x0800444a       0xbc ./Drivers/STM32U5xx_HAL_Driver/Src/stm32u5xx_hal_i2c.o
 .text.HAL_I2CEx_ConfigAnalogFilter
                0x08004506       0x96 ./Drivers/STM32U5xx_HAL_Driver/Src/stm32u5xx_hal_i2c_ex.o
                0x08004506                HAL_I2CEx_ConfigAnalogFilter
 .text.HAL_I2CEx_ConfigDigitalFilter
                0x0800459c       0x98 ./Drivers/STM32U5xx_HAL_Driver/Src/stm32u5xx_hal_i2c_ex.o
                0x0800459c                HAL_I2CEx_ConfigDigitalFilter
 .text.HAL_ICACHE_ConfigAssociativityMode
                0x08004634       0x40 ./Drivers/STM32U5xx_HAL_Driver/Src/stm32u5xx_hal_icache.o
                0x08004634                HAL_ICACHE_ConfigAssociativityMode
 .text.HAL_ICACHE_Enable
                0x08004674       0x20 ./Drivers/STM32U5xx_HAL_Driver/Src/stm32u5xx_hal_icache.o
                0x08004674                HAL_ICACHE_Enable
 .text.HAL_ICACHE_IRQHandler
                0x08004694       0x68 ./Drivers/STM32U5xx_HAL_Driver/Src/stm32u5xx_hal_icache.o
                0x08004694                HAL_ICACHE_IRQHandler
 .text.HAL_ICACHE_InvalidateCompleteCallback
                0x080046fc        0xe ./Drivers/STM32U5xx_HAL_Driver/Src/stm32u5xx_hal_icache.o
                0x080046fc                HAL_ICACHE_InvalidateCompleteCallback
 .text.HAL_ICACHE_ErrorCallback
                0x0800470a        0xe ./Drivers/STM32U5xx_HAL_Driver/Src/stm32u5xx_hal_icache.o
                0x0800470a                HAL_ICACHE_ErrorCallback
 .text.HAL_PWR_EnableBkUpAccess
                0x08004718       0x20 ./Drivers/STM32U5xx_HAL_Driver/Src/stm32u5xx_hal_pwr.o
                0x08004718                HAL_PWR_EnableBkUpAccess
 .text.HAL_PWR_ConfigPVD
                0x08004738       0xdc ./Drivers/STM32U5xx_HAL_Driver/Src/stm32u5xx_hal_pwr.o
                0x08004738                HAL_PWR_ConfigPVD
 .text.HAL_PWR_EnablePVD
                0x08004814       0x20 ./Drivers/STM32U5xx_HAL_Driver/Src/stm32u5xx_hal_pwr.o
                0x08004814                HAL_PWR_EnablePVD
 .text.HAL_PWREx_ControlVoltageScaling
                0x08004834       0xfc ./Drivers/STM32U5xx_HAL_Driver/Src/stm32u5xx_hal_pwr_ex.o
                0x08004834                HAL_PWREx_ControlVoltageScaling
 .text.HAL_PWREx_GetVoltageRange
                0x08004930       0x1c ./Drivers/STM32U5xx_HAL_Driver/Src/stm32u5xx_hal_pwr_ex.o
                0x08004930                HAL_PWREx_GetVoltageRange
 .text.HAL_RCC_OscConfig
                0x0800494c      0xd60 ./Drivers/STM32U5xx_HAL_Driver/Src/stm32u5xx_hal_rcc.o
                0x0800494c                HAL_RCC_OscConfig
 .text.HAL_RCC_ClockConfig
                0x080056ac      0x3e4 ./Drivers/STM32U5xx_HAL_Driver/Src/stm32u5xx_hal_rcc.o
                0x080056ac                HAL_RCC_ClockConfig
 .text.HAL_RCC_GetSysClockFreq
                0x08005a90      0x204 ./Drivers/STM32U5xx_HAL_Driver/Src/stm32u5xx_hal_rcc.o
                0x08005a90                HAL_RCC_GetSysClockFreq
 .text.HAL_RCC_GetHCLKFreq
                0x08005c94       0x34 ./Drivers/STM32U5xx_HAL_Driver/Src/stm32u5xx_hal_rcc.o
                0x08005c94                HAL_RCC_GetHCLKFreq
 .text.HAL_RCC_GetPCLK2Freq
                0x08005cc8       0x28 ./Drivers/STM32U5xx_HAL_Driver/Src/stm32u5xx_hal_rcc.o
                0x08005cc8                HAL_RCC_GetPCLK2Freq
 .text.HAL_RCC_GetClockConfig
                0x08005cf0       0x70 ./Drivers/STM32U5xx_HAL_Driver/Src/stm32u5xx_hal_rcc.o
                0x08005cf0                HAL_RCC_GetClockConfig
 .text.RCC_SetFlashLatencyFromMSIRange
                0x08005d60      0x10c ./Drivers/STM32U5xx_HAL_Driver/Src/stm32u5xx_hal_rcc.o
 .text.HAL_RCCEx_PeriphCLKConfig
                0x08005e6c      0xb30 ./Drivers/STM32U5xx_HAL_Driver/Src/stm32u5xx_hal_rcc_ex.o
                0x08005e6c                HAL_RCCEx_PeriphCLKConfig
 .text.RCCEx_PLL2_Config
                0x0800699c      0x130 ./Drivers/STM32U5xx_HAL_Driver/Src/stm32u5xx_hal_rcc_ex.o
 .text.RCCEx_PLL3_Config
                0x08006acc      0x130 ./Drivers/STM32U5xx_HAL_Driver/Src/stm32u5xx_hal_rcc_ex.o
 .text.HAL_RTC_Init
                0x08006bfc      0x230 ./Drivers/STM32U5xx_HAL_Driver/Src/stm32u5xx_hal_rtc.o
                0x08006bfc                HAL_RTC_Init
 .text.HAL_RTC_SetTime
                0x08006e2c      0x138 ./Drivers/STM32U5xx_HAL_Driver/Src/stm32u5xx_hal_rtc.o
                0x08006e2c                HAL_RTC_SetTime
 .text.HAL_RTC_SetDate
                0x08006f64      0x10c ./Drivers/STM32U5xx_HAL_Driver/Src/stm32u5xx_hal_rtc.o
                0x08006f64                HAL_RTC_SetDate
 .text.HAL_RTC_AlarmAEventCallback
                0x08007070       0x14 ./Drivers/STM32U5xx_HAL_Driver/Src/stm32u5xx_hal_rtc.o
                0x08007070                HAL_RTC_AlarmAEventCallback
 .text.HAL_RTC_WaitForSynchro
                0x08007084       0x64 ./Drivers/STM32U5xx_HAL_Driver/Src/stm32u5xx_hal_rtc.o
                0x08007084                HAL_RTC_WaitForSynchro
 .text.RTC_EnterInitMode
                0x080070e8       0x78 ./Drivers/STM32U5xx_HAL_Driver/Src/stm32u5xx_hal_rtc.o
                0x080070e8                RTC_EnterInitMode
 .text.RTC_ExitInitMode
                0x08007160       0x7c ./Drivers/STM32U5xx_HAL_Driver/Src/stm32u5xx_hal_rtc.o
                0x08007160                RTC_ExitInitMode
 .text.RTC_ByteToBcd2
                0x080071dc       0x40 ./Drivers/STM32U5xx_HAL_Driver/Src/stm32u5xx_hal_rtc.o
                0x080071dc                RTC_ByteToBcd2
 .text.HAL_RTCEx_TimeStampEventCallback
                0x0800721c       0x14 ./Drivers/STM32U5xx_HAL_Driver/Src/stm32u5xx_hal_rtc_ex.o
                0x0800721c                HAL_RTCEx_TimeStampEventCallback
 .text.HAL_RTCEx_WakeUpTimerEventCallback
                0x08007230       0x14 ./Drivers/STM32U5xx_HAL_Driver/Src/stm32u5xx_hal_rtc_ex.o
                0x08007230                HAL_RTCEx_WakeUpTimerEventCallback
 .text.HAL_RTCEx_SSRUEventCallback
                0x08007244       0x14 ./Drivers/STM32U5xx_HAL_Driver/Src/stm32u5xx_hal_rtc_ex.o
                0x08007244                HAL_RTCEx_SSRUEventCallback
 .text.HAL_RTCEx_AlarmBEventCallback
                0x08007258       0x14 ./Drivers/STM32U5xx_HAL_Driver/Src/stm32u5xx_hal_rtc_ex.o
                0x08007258                HAL_RTCEx_AlarmBEventCallback
 .text.HAL_RTCEx_Tamper1EventCallback
                0x0800726c       0x14 ./Drivers/STM32U5xx_HAL_Driver/Src/stm32u5xx_hal_rtc_ex.o
                0x0800726c                HAL_RTCEx_Tamper1EventCallback
 .text.HAL_RTCEx_Tamper2EventCallback
                0x08007280       0x14 ./Drivers/STM32U5xx_HAL_Driver/Src/stm32u5xx_hal_rtc_ex.o
                0x08007280                HAL_RTCEx_Tamper2EventCallback
 .text.HAL_RTCEx_Tamper3EventCallback
                0x08007294       0x14 ./Drivers/STM32U5xx_HAL_Driver/Src/stm32u5xx_hal_rtc_ex.o
                0x08007294                HAL_RTCEx_Tamper3EventCallback
 .text.HAL_RTCEx_Tamper4EventCallback
                0x080072a8       0x14 ./Drivers/STM32U5xx_HAL_Driver/Src/stm32u5xx_hal_rtc_ex.o
                0x080072a8                HAL_RTCEx_Tamper4EventCallback
 .text.HAL_RTCEx_Tamper5EventCallback
                0x080072bc       0x14 ./Drivers/STM32U5xx_HAL_Driver/Src/stm32u5xx_hal_rtc_ex.o
                0x080072bc                HAL_RTCEx_Tamper5EventCallback
 .text.HAL_RTCEx_Tamper6EventCallback
                0x080072d0       0x14 ./Drivers/STM32U5xx_HAL_Driver/Src/stm32u5xx_hal_rtc_ex.o
                0x080072d0                HAL_RTCEx_Tamper6EventCallback
 .text.HAL_RTCEx_Tamper7EventCallback
                0x080072e4       0x14 ./Drivers/STM32U5xx_HAL_Driver/Src/stm32u5xx_hal_rtc_ex.o
                0x080072e4                HAL_RTCEx_Tamper7EventCallback
 .text.HAL_RTCEx_Tamper8EventCallback
                0x080072f8       0x14 ./Drivers/STM32U5xx_HAL_Driver/Src/stm32u5xx_hal_rtc_ex.o
                0x080072f8                HAL_RTCEx_Tamper8EventCallback
 .text.HAL_RTCEx_InternalTamper1EventCallback
                0x0800730c       0x14 ./Drivers/STM32U5xx_HAL_Driver/Src/stm32u5xx_hal_rtc_ex.o
                0x0800730c                HAL_RTCEx_InternalTamper1EventCallback
 .text.HAL_RTCEx_InternalTamper2EventCallback
                0x08007320       0x14 ./Drivers/STM32U5xx_HAL_Driver/Src/stm32u5xx_hal_rtc_ex.o
                0x08007320                HAL_RTCEx_InternalTamper2EventCallback
 .text.HAL_RTCEx_InternalTamper3EventCallback
                0x08007334       0x14 ./Drivers/STM32U5xx_HAL_Driver/Src/stm32u5xx_hal_rtc_ex.o
                0x08007334                HAL_RTCEx_InternalTamper3EventCallback
 .text.HAL_RTCEx_InternalTamper5EventCallback
                0x08007348       0x14 ./Drivers/STM32U5xx_HAL_Driver/Src/stm32u5xx_hal_rtc_ex.o
                0x08007348                HAL_RTCEx_InternalTamper5EventCallback
 .text.HAL_RTCEx_InternalTamper6EventCallback
                0x0800735c       0x14 ./Drivers/STM32U5xx_HAL_Driver/Src/stm32u5xx_hal_rtc_ex.o
                0x0800735c                HAL_RTCEx_InternalTamper6EventCallback
 .text.HAL_RTCEx_InternalTamper7EventCallback
                0x08007370       0x14 ./Drivers/STM32U5xx_HAL_Driver/Src/stm32u5xx_hal_rtc_ex.o
                0x08007370                HAL_RTCEx_InternalTamper7EventCallback
 .text.HAL_RTCEx_InternalTamper8EventCallback
                0x08007384       0x14 ./Drivers/STM32U5xx_HAL_Driver/Src/stm32u5xx_hal_rtc_ex.o
                0x08007384                HAL_RTCEx_InternalTamper8EventCallback
 .text.HAL_RTCEx_InternalTamper9EventCallback
                0x08007398       0x14 ./Drivers/STM32U5xx_HAL_Driver/Src/stm32u5xx_hal_rtc_ex.o
                0x08007398                HAL_RTCEx_InternalTamper9EventCallback
 .text.HAL_RTCEx_InternalTamper11EventCallback
                0x080073ac       0x14 ./Drivers/STM32U5xx_HAL_Driver/Src/stm32u5xx_hal_rtc_ex.o
                0x080073ac                HAL_RTCEx_InternalTamper11EventCallback
 .text.HAL_RTCEx_InternalTamper12EventCallback
                0x080073c0       0x14 ./Drivers/STM32U5xx_HAL_Driver/Src/stm32u5xx_hal_rtc_ex.o
                0x080073c0                HAL_RTCEx_InternalTamper12EventCallback
 .text.HAL_RTCEx_InternalTamper13EventCallback
                0x080073d4       0x14 ./Drivers/STM32U5xx_HAL_Driver/Src/stm32u5xx_hal_rtc_ex.o
                0x080073d4                HAL_RTCEx_InternalTamper13EventCallback
 .text.HAL_RTCEx_PrivilegeModeSet
                0x080073e8       0x5c ./Drivers/STM32U5xx_HAL_Driver/Src/stm32u5xx_hal_rtc_ex.o
                0x080073e8                HAL_RTCEx_PrivilegeModeSet
 .text.HAL_SPI_Init
                0x08007444      0x2b0 ./Drivers/STM32U5xx_HAL_Driver/Src/stm32u5xx_hal_spi.o
                0x08007444                HAL_SPI_Init
 .text.HAL_SPI_IRQHandler
                0x080076f4      0x3c0 ./Drivers/STM32U5xx_HAL_Driver/Src/stm32u5xx_hal_spi.o
                0x080076f4                HAL_SPI_IRQHandler
 .text.HAL_SPI_TxCpltCallback
                0x08007ab4       0x14 ./Drivers/STM32U5xx_HAL_Driver/Src/stm32u5xx_hal_spi.o
                0x08007ab4                HAL_SPI_TxCpltCallback
 .text.HAL_SPI_RxCpltCallback
                0x08007ac8       0x14 ./Drivers/STM32U5xx_HAL_Driver/Src/stm32u5xx_hal_spi.o
                0x08007ac8                HAL_SPI_RxCpltCallback
 .text.HAL_SPI_TxRxCpltCallback
                0x08007adc       0x14 ./Drivers/STM32U5xx_HAL_Driver/Src/stm32u5xx_hal_spi.o
                0x08007adc                HAL_SPI_TxRxCpltCallback
 .text.HAL_SPI_TxHalfCpltCallback
                0x08007af0       0x14 ./Drivers/STM32U5xx_HAL_Driver/Src/stm32u5xx_hal_spi.o
                0x08007af0                HAL_SPI_TxHalfCpltCallback
 .text.HAL_SPI_RxHalfCpltCallback
                0x08007b04       0x14 ./Drivers/STM32U5xx_HAL_Driver/Src/stm32u5xx_hal_spi.o
                0x08007b04                HAL_SPI_RxHalfCpltCallback
 .text.HAL_SPI_TxRxHalfCpltCallback
                0x08007b18       0x14 ./Drivers/STM32U5xx_HAL_Driver/Src/stm32u5xx_hal_spi.o
                0x08007b18                HAL_SPI_TxRxHalfCpltCallback
 .text.HAL_SPI_ErrorCallback
                0x08007b2c       0x14 ./Drivers/STM32U5xx_HAL_Driver/Src/stm32u5xx_hal_spi.o
                0x08007b2c                HAL_SPI_ErrorCallback
 .text.HAL_SPI_AbortCpltCallback
                0x08007b40       0x14 ./Drivers/STM32U5xx_HAL_Driver/Src/stm32u5xx_hal_spi.o
                0x08007b40                HAL_SPI_AbortCpltCallback
 .text.HAL_SPI_SuspendCallback
                0x08007b54       0x14 ./Drivers/STM32U5xx_HAL_Driver/Src/stm32u5xx_hal_spi.o
                0x08007b54                HAL_SPI_SuspendCallback
 .text.SPI_DMAAbortOnError
                0x08007b68       0x38 ./Drivers/STM32U5xx_HAL_Driver/Src/stm32u5xx_hal_spi.o
 .text.SPI_CloseTransfer
                0x08007ba0      0x140 ./Drivers/STM32U5xx_HAL_Driver/Src/stm32u5xx_hal_spi.o
 .text.SPI_GetPacketSize
                0x08007ce0       0x36 ./Drivers/STM32U5xx_HAL_Driver/Src/stm32u5xx_hal_spi.o
 .text.HAL_SPIEx_SetConfigAutonomousMode
                0x08007d16       0x82 ./Drivers/STM32U5xx_HAL_Driver/Src/stm32u5xx_hal_spi_ex.o
                0x08007d16                HAL_SPIEx_SetConfigAutonomousMode
 .text.HAL_TIM_Base_Init
                0x08007d98       0xc8 ./Drivers/STM32U5xx_HAL_Driver/Src/stm32u5xx_hal_tim.o
                0x08007d98                HAL_TIM_Base_Init
 .text.HAL_TIM_Base_Start_IT
                0x08007e60      0x140 ./Drivers/STM32U5xx_HAL_Driver/Src/stm32u5xx_hal_tim.o
                0x08007e60                HAL_TIM_Base_Start_IT
 .text.HAL_TIM_PWM_Init
                0x08007fa0       0xc8 ./Drivers/STM32U5xx_HAL_Driver/Src/stm32u5xx_hal_tim.o
                0x08007fa0                HAL_TIM_PWM_Init
 .text.HAL_TIM_IRQHandler
                0x08008068      0x2f2 ./Drivers/STM32U5xx_HAL_Driver/Src/stm32u5xx_hal_tim.o
                0x08008068                HAL_TIM_IRQHandler
 *fill*         0x0800835a        0x2 
 .text.HAL_TIM_PWM_ConfigChannel
                0x0800835c      0x228 ./Drivers/STM32U5xx_HAL_Driver/Src/stm32u5xx_hal_tim.o
                0x0800835c                HAL_TIM_PWM_ConfigChannel
 .text.HAL_TIM_ConfigClockSource
                0x08008584      0x204 ./Drivers/STM32U5xx_HAL_Driver/Src/stm32u5xx_hal_tim.o
                0x08008584                HAL_TIM_ConfigClockSource
 .text.HAL_TIM_PeriodElapsedHalfCpltCallback
                0x08008788       0x14 ./Drivers/STM32U5xx_HAL_Driver/Src/stm32u5xx_hal_tim.o
                0x08008788                HAL_TIM_PeriodElapsedHalfCpltCallback
 .text.HAL_TIM_OC_DelayElapsedCallback
                0x0800879c       0x14 ./Drivers/STM32U5xx_HAL_Driver/Src/stm32u5xx_hal_tim.o
                0x0800879c                HAL_TIM_OC_DelayElapsedCallback
 .text.HAL_TIM_IC_CaptureCallback
                0x080087b0       0x14 ./Drivers/STM32U5xx_HAL_Driver/Src/stm32u5xx_hal_tim.o
                0x080087b0                HAL_TIM_IC_CaptureCallback
 .text.HAL_TIM_IC_CaptureHalfCpltCallback
                0x080087c4       0x14 ./Drivers/STM32U5xx_HAL_Driver/Src/stm32u5xx_hal_tim.o
                0x080087c4                HAL_TIM_IC_CaptureHalfCpltCallback
 .text.HAL_TIM_PWM_PulseFinishedCallback
                0x080087d8       0x14 ./Drivers/STM32U5xx_HAL_Driver/Src/stm32u5xx_hal_tim.o
                0x080087d8                HAL_TIM_PWM_PulseFinishedCallback
 .text.HAL_TIM_PWM_PulseFinishedHalfCpltCallback
                0x080087ec       0x14 ./Drivers/STM32U5xx_HAL_Driver/Src/stm32u5xx_hal_tim.o
                0x080087ec                HAL_TIM_PWM_PulseFinishedHalfCpltCallback
 .text.HAL_TIM_TriggerCallback
                0x08008800       0x14 ./Drivers/STM32U5xx_HAL_Driver/Src/stm32u5xx_hal_tim.o
                0x08008800                HAL_TIM_TriggerCallback
 .text.HAL_TIM_TriggerHalfCpltCallback
                0x08008814       0x14 ./Drivers/STM32U5xx_HAL_Driver/Src/stm32u5xx_hal_tim.o
                0x08008814                HAL_TIM_TriggerHalfCpltCallback
 .text.HAL_TIM_ErrorCallback
                0x08008828       0x14 ./Drivers/STM32U5xx_HAL_Driver/Src/stm32u5xx_hal_tim.o
                0x08008828                HAL_TIM_ErrorCallback
 .text.TIM_Base_SetConfig
                0x0800883c      0x20c ./Drivers/STM32U5xx_HAL_Driver/Src/stm32u5xx_hal_tim.o
                0x0800883c                TIM_Base_SetConfig
 .text.TIM_OC1_SetConfig
                0x08008a48      0x184 ./Drivers/STM32U5xx_HAL_Driver/Src/stm32u5xx_hal_tim.o
 .text.TIM_OC2_SetConfig
                0x08008bcc      0x160 ./Drivers/STM32U5xx_HAL_Driver/Src/stm32u5xx_hal_tim.o
                0x08008bcc                TIM_OC2_SetConfig
 .text.TIM_OC3_SetConfig
                0x08008d2c      0x15c ./Drivers/STM32U5xx_HAL_Driver/Src/stm32u5xx_hal_tim.o
 .text.TIM_OC4_SetConfig
                0x08008e88      0x160 ./Drivers/STM32U5xx_HAL_Driver/Src/stm32u5xx_hal_tim.o
 .text.TIM_OC5_SetConfig
                0x08008fe8      0x104 ./Drivers/STM32U5xx_HAL_Driver/Src/stm32u5xx_hal_tim.o
 .text.TIM_OC6_SetConfig
                0x080090ec      0x108 ./Drivers/STM32U5xx_HAL_Driver/Src/stm32u5xx_hal_tim.o
 .text.TIM_TI1_ConfigInputStage
                0x080091f4       0x5e ./Drivers/STM32U5xx_HAL_Driver/Src/stm32u5xx_hal_tim.o
 .text.TIM_TI2_ConfigInputStage
                0x08009252       0x60 ./Drivers/STM32U5xx_HAL_Driver/Src/stm32u5xx_hal_tim.o
 .text.TIM_ITRx_SetConfig
                0x080092b2       0x3a ./Drivers/STM32U5xx_HAL_Driver/Src/stm32u5xx_hal_tim.o
 .text.TIM_ETR_SetConfig
                0x080092ec       0x40 ./Drivers/STM32U5xx_HAL_Driver/Src/stm32u5xx_hal_tim.o
                0x080092ec                TIM_ETR_SetConfig
 .text.TIM_ResetCallback
                0x0800932c       0xec ./Drivers/STM32U5xx_HAL_Driver/Src/stm32u5xx_hal_tim.o
                0x0800932c                TIM_ResetCallback
 .text.HAL_TIMEx_MasterConfigSynchronization
                0x08009418      0x184 ./Drivers/STM32U5xx_HAL_Driver/Src/stm32u5xx_hal_tim_ex.o
                0x08009418                HAL_TIMEx_MasterConfigSynchronization
 .text.HAL_TIMEx_ConfigBreakDeadTime
                0x0800959c      0x1d8 ./Drivers/STM32U5xx_HAL_Driver/Src/stm32u5xx_hal_tim_ex.o
                0x0800959c                HAL_TIMEx_ConfigBreakDeadTime
 .text.HAL_TIMEx_CommutCallback
                0x08009774       0x14 ./Drivers/STM32U5xx_HAL_Driver/Src/stm32u5xx_hal_tim_ex.o
                0x08009774                HAL_TIMEx_CommutCallback
 .text.HAL_TIMEx_CommutHalfCpltCallback
                0x08009788       0x14 ./Drivers/STM32U5xx_HAL_Driver/Src/stm32u5xx_hal_tim_ex.o
                0x08009788                HAL_TIMEx_CommutHalfCpltCallback
 .text.HAL_TIMEx_BreakCallback
                0x0800979c       0x14 ./Drivers/STM32U5xx_HAL_Driver/Src/stm32u5xx_hal_tim_ex.o
                0x0800979c                HAL_TIMEx_BreakCallback
 .text.HAL_TIMEx_Break2Callback
                0x080097b0       0x14 ./Drivers/STM32U5xx_HAL_Driver/Src/stm32u5xx_hal_tim_ex.o
                0x080097b0                HAL_TIMEx_Break2Callback
 .text.HAL_TIMEx_EncoderIndexCallback
                0x080097c4       0x14 ./Drivers/STM32U5xx_HAL_Driver/Src/stm32u5xx_hal_tim_ex.o
                0x080097c4                HAL_TIMEx_EncoderIndexCallback
 .text.HAL_TIMEx_DirectionChangeCallback
                0x080097d8       0x14 ./Drivers/STM32U5xx_HAL_Driver/Src/stm32u5xx_hal_tim_ex.o
                0x080097d8                HAL_TIMEx_DirectionChangeCallback
 .text.HAL_TIMEx_IndexErrorCallback
                0x080097ec       0x14 ./Drivers/STM32U5xx_HAL_Driver/Src/stm32u5xx_hal_tim_ex.o
                0x080097ec                HAL_TIMEx_IndexErrorCallback
 .text.HAL_TIMEx_TransitionErrorCallback
                0x08009800       0x14 ./Drivers/STM32U5xx_HAL_Driver/Src/stm32u5xx_hal_tim_ex.o
                0x08009800                HAL_TIMEx_TransitionErrorCallback
 .text.LL_GPIO_SetPinMode
                0x08009814       0x7a ./Drivers/STM32U5xx_HAL_Driver/Src/stm32u5xx_ll_gpio.o
 .text.LL_GPIO_SetPinOutputType
                0x0800988e       0x30 ./Drivers/STM32U5xx_HAL_Driver/Src/stm32u5xx_ll_gpio.o
 .text.LL_GPIO_SetPinSpeed
                0x080098be       0x7a ./Drivers/STM32U5xx_HAL_Driver/Src/stm32u5xx_ll_gpio.o
 .text.LL_GPIO_SetPinPull
                0x08009938       0x7a ./Drivers/STM32U5xx_HAL_Driver/Src/stm32u5xx_ll_gpio.o
 .text.LL_GPIO_SetAFPin_0_7
                0x080099b2       0x7a ./Drivers/STM32U5xx_HAL_Driver/Src/stm32u5xx_ll_gpio.o
 .text.LL_GPIO_SetAFPin_8_15
                0x08009a2c       0x7e ./Drivers/STM32U5xx_HAL_Driver/Src/stm32u5xx_ll_gpio.o
 .text.LL_GPIO_Init
                0x08009aaa       0xfc ./Drivers/STM32U5xx_HAL_Driver/Src/stm32u5xx_ll_gpio.o
                0x08009aaa                LL_GPIO_Init
 *fill*         0x08009ba6        0x2 
 .text.LL_RCC_HSI_IsReady
                0x08009ba8       0x28 ./Drivers/STM32U5xx_HAL_Driver/Src/stm32u5xx_ll_rcc.o
 .text.LL_RCC_LSE_IsReady
                0x08009bd0       0x28 ./Drivers/STM32U5xx_HAL_Driver/Src/stm32u5xx_ll_rcc.o
 .text.LL_RCC_MSI_IsEnabledRangeSelect
                0x08009bf8       0x28 ./Drivers/STM32U5xx_HAL_Driver/Src/stm32u5xx_ll_rcc.o
 .text.LL_RCC_MSIS_GetRange
                0x08009c20       0x1c ./Drivers/STM32U5xx_HAL_Driver/Src/stm32u5xx_ll_rcc.o
 .text.LL_RCC_MSIS_GetRangeAfterStandby
                0x08009c3c       0x1c ./Drivers/STM32U5xx_HAL_Driver/Src/stm32u5xx_ll_rcc.o
 .text.LL_RCC_GetSysClkSource
                0x08009c58       0x1c ./Drivers/STM32U5xx_HAL_Driver/Src/stm32u5xx_ll_rcc.o
 .text.LL_RCC_GetAHBPrescaler
                0x08009c74       0x1c ./Drivers/STM32U5xx_HAL_Driver/Src/stm32u5xx_ll_rcc.o
 .text.LL_RCC_GetAPB1Prescaler
                0x08009c90       0x1c ./Drivers/STM32U5xx_HAL_Driver/Src/stm32u5xx_ll_rcc.o
 .text.LL_RCC_GetAPB2Prescaler
                0x08009cac       0x1c ./Drivers/STM32U5xx_HAL_Driver/Src/stm32u5xx_ll_rcc.o
 .text.LL_RCC_GetUSARTClockSource
                0x08009cc8       0x48 ./Drivers/STM32U5xx_HAL_Driver/Src/stm32u5xx_ll_rcc.o
 .text.LL_RCC_GetUARTClockSource
                0x08009d10       0x28 ./Drivers/STM32U5xx_HAL_Driver/Src/stm32u5xx_ll_rcc.o
 .text.LL_RCC_PLL1_GetMainSource
                0x08009d38       0x1c ./Drivers/STM32U5xx_HAL_Driver/Src/stm32u5xx_ll_rcc.o
 .text.LL_RCC_PLL1_GetN
                0x08009d54       0x1c ./Drivers/STM32U5xx_HAL_Driver/Src/stm32u5xx_ll_rcc.o
 .text.LL_RCC_PLL1_GetR
                0x08009d70       0x20 ./Drivers/STM32U5xx_HAL_Driver/Src/stm32u5xx_ll_rcc.o
 .text.LL_RCC_PLL1_GetDivider
                0x08009d90       0x20 ./Drivers/STM32U5xx_HAL_Driver/Src/stm32u5xx_ll_rcc.o
 .text.LL_RCC_GetUSARTClockFreq
                0x08009db0      0x198 ./Drivers/STM32U5xx_HAL_Driver/Src/stm32u5xx_ll_rcc.o
                0x08009db0                LL_RCC_GetUSARTClockFreq
 .text.LL_RCC_GetUARTClockFreq
                0x08009f48      0x12c ./Drivers/STM32U5xx_HAL_Driver/Src/stm32u5xx_ll_rcc.o
                0x08009f48                LL_RCC_GetUARTClockFreq
 .text.RCC_GetSystemClockFreq
                0x0800a074      0x13c ./Drivers/STM32U5xx_HAL_Driver/Src/stm32u5xx_ll_rcc.o
 .text.RCC_GetHCLKClockFreq
                0x0800a1b0       0x28 ./Drivers/STM32U5xx_HAL_Driver/Src/stm32u5xx_ll_rcc.o
 .text.RCC_GetPCLK1ClockFreq
                0x0800a1d8       0x2c ./Drivers/STM32U5xx_HAL_Driver/Src/stm32u5xx_ll_rcc.o
 .text.RCC_GetPCLK2ClockFreq
                0x0800a204       0x28 ./Drivers/STM32U5xx_HAL_Driver/Src/stm32u5xx_ll_rcc.o
 .text.RCC_PLL1_GetFreqDomain_SYS
                0x0800a22c      0x12c ./Drivers/STM32U5xx_HAL_Driver/Src/stm32u5xx_ll_rcc.o
 .text.LL_USART_IsEnabled
                0x0800a358       0x26 ./Drivers/STM32U5xx_HAL_Driver/Src/stm32u5xx_ll_usart.o
 .text.LL_USART_SetPrescaler
                0x0800a37e       0x28 ./Drivers/STM32U5xx_HAL_Driver/Src/stm32u5xx_ll_usart.o
 .text.LL_USART_SetStopBitsLength
                0x0800a3a6       0x26 ./Drivers/STM32U5xx_HAL_Driver/Src/stm32u5xx_ll_usart.o
 .text.LL_USART_SetHWFlowCtrl
                0x0800a3cc       0x26 ./Drivers/STM32U5xx_HAL_Driver/Src/stm32u5xx_ll_usart.o
 *fill*         0x0800a3f2        0x2 
 .text.LL_USART_SetBaudRate
                0x0800a3f4       0xa0 ./Drivers/STM32U5xx_HAL_Driver/Src/stm32u5xx_ll_usart.o
 .text.LL_USART_Init
                0x0800a494      0x114 ./Drivers/STM32U5xx_HAL_Driver/Src/stm32u5xx_ll_usart.o
                0x0800a494                LL_USART_Init
 .text.__NVIC_SetPriority
                0x0800a5a8       0x54 ./Middlewares/Third_Party/FreeRTOS/Source/CMSIS_RTOS_V2/cmsis_os2.o
 .text.SysTick_Handler
                0x0800a5fc       0x20 ./Middlewares/Third_Party/FreeRTOS/Source/CMSIS_RTOS_V2/cmsis_os2.o
                0x0800a5fc                SysTick_Handler
 .text.SVC_Setup
                0x0800a61c       0x12 ./Middlewares/Third_Party/FreeRTOS/Source/CMSIS_RTOS_V2/cmsis_os2.o
 .text.IRQ_Context
                0x0800a62e       0x4e ./Middlewares/Third_Party/FreeRTOS/Source/CMSIS_RTOS_V2/cmsis_os2.o
 .text.osKernelInitialize
                0x0800a67c       0x4c ./Middlewares/Third_Party/FreeRTOS/Source/CMSIS_RTOS_V2/cmsis_os2.o
                0x0800a67c                osKernelInitialize
 .text.osKernelStart
                0x0800a6c8       0x54 ./Middlewares/Third_Party/FreeRTOS/Source/CMSIS_RTOS_V2/cmsis_os2.o
                0x0800a6c8                osKernelStart
 .text.osThreadNew
                0x0800a71c      0x122 ./Middlewares/Third_Party/FreeRTOS/Source/CMSIS_RTOS_V2/cmsis_os2.o
                0x0800a71c                osThreadNew
 .text.osDelay  0x0800a83e       0x34 ./Middlewares/Third_Party/FreeRTOS/Source/CMSIS_RTOS_V2/cmsis_os2.o
                0x0800a83e                osDelay
 .text.osEventFlagsNew
                0x0800a872       0x7c ./Middlewares/Third_Party/FreeRTOS/Source/CMSIS_RTOS_V2/cmsis_os2.o
                0x0800a872                osEventFlagsNew
 .text.osMessageQueueNew
                0x0800a8ee       0xe4 ./Middlewares/Third_Party/FreeRTOS/Source/CMSIS_RTOS_V2/cmsis_os2.o
                0x0800a8ee                osMessageQueueNew
 *fill*         0x0800a9d2        0x2 
 .text.vApplicationGetIdleTaskMemory
                0x0800a9d4       0x34 ./Middlewares/Third_Party/FreeRTOS/Source/CMSIS_RTOS_V2/cmsis_os2.o
                0x0800a9d4                vApplicationGetIdleTaskMemory
 .text.vApplicationGetTimerTaskMemory
                0x0800aa08       0x34 ./Middlewares/Third_Party/FreeRTOS/Source/CMSIS_RTOS_V2/cmsis_os2.o
                0x0800aa08                vApplicationGetTimerTaskMemory
 .text.xEventGroupCreateStatic
                0x0800aa3c       0x52 ./Middlewares/Third_Party/FreeRTOS/Source/event_groups.o
                0x0800aa3c                xEventGroupCreateStatic
 .text.xEventGroupCreate
                0x0800aa8e       0x34 ./Middlewares/Third_Party/FreeRTOS/Source/event_groups.o
                0x0800aa8e                xEventGroupCreate
 .text.vListInitialise
                0x0800aac2       0x40 ./Middlewares/Third_Party/FreeRTOS/Source/list.o
                0x0800aac2                vListInitialise
 .text.vListInitialiseItem
                0x0800ab02       0x1a ./Middlewares/Third_Party/FreeRTOS/Source/list.o
                0x0800ab02                vListInitialiseItem
 .text.vListInsert
                0x0800ab1c       0x72 ./Middlewares/Third_Party/FreeRTOS/Source/list.o
                0x0800ab1c                vListInsert
 .text.uxListRemove
                0x0800ab8e       0x54 ./Middlewares/Third_Party/FreeRTOS/Source/list.o
                0x0800ab8e                uxListRemove
 .text.xQueueGenericReset
                0x0800abe2       0xf2 ./Middlewares/Third_Party/FreeRTOS/Source/queue.o
                0x0800abe2                xQueueGenericReset
 .text.xQueueGenericCreateStatic
                0x0800acd4       0x92 ./Middlewares/Third_Party/FreeRTOS/Source/queue.o
                0x0800acd4                xQueueGenericCreateStatic
 .text.xQueueGenericCreate
                0x0800ad66       0x96 ./Middlewares/Third_Party/FreeRTOS/Source/queue.o
                0x0800ad66                xQueueGenericCreate
 .text.prvInitialiseNewQueue
                0x0800adfc       0x46 ./Middlewares/Third_Party/FreeRTOS/Source/queue.o
 .text.xQueueReceive
                0x0800ae42      0x178 ./Middlewares/Third_Party/FreeRTOS/Source/queue.o
                0x0800ae42                xQueueReceive
 .text.prvCopyDataFromQueue
                0x0800afba       0x4c ./Middlewares/Third_Party/FreeRTOS/Source/queue.o
 .text.prvUnlockQueue
                0x0800b006       0xa4 ./Middlewares/Third_Party/FreeRTOS/Source/queue.o
 .text.prvIsQueueEmpty
                0x0800b0aa       0x2c ./Middlewares/Third_Party/FreeRTOS/Source/queue.o
 *fill*         0x0800b0d6        0x2 
 .text.vQueueAddToRegistry
                0x0800b0d8       0x8c ./Middlewares/Third_Party/FreeRTOS/Source/queue.o
                0x0800b0d8                vQueueAddToRegistry
 .text.vQueueWaitForMessageRestricted
                0x0800b164       0x68 ./Middlewares/Third_Party/FreeRTOS/Source/queue.o
                0x0800b164                vQueueWaitForMessageRestricted
 .text.xTaskCreateStatic
                0x0800b1cc       0x9a ./Middlewares/Third_Party/FreeRTOS/Source/tasks.o
                0x0800b1cc                xTaskCreateStatic
 .text.xTaskCreate
                0x0800b266       0x94 ./Middlewares/Third_Party/FreeRTOS/Source/tasks.o
                0x0800b266                xTaskCreate
 *fill*         0x0800b2fa        0x2 
 .text.prvInitialiseNewTask
                0x0800b2fc      0x138 ./Middlewares/Third_Party/FreeRTOS/Source/tasks.o
 .text.prvAddNewTaskToReadyList
                0x0800b434      0x120 ./Middlewares/Third_Party/FreeRTOS/Source/tasks.o
 .text.vTaskDelay
                0x0800b554       0x4c ./Middlewares/Third_Party/FreeRTOS/Source/tasks.o
                0x0800b554                vTaskDelay
 .text.vTaskStartScheduler
                0x0800b5a0       0xcc ./Middlewares/Third_Party/FreeRTOS/Source/tasks.o
                0x0800b5a0                vTaskStartScheduler
 .text.vTaskSuspendAll
                0x0800b66c       0x1c ./Middlewares/Third_Party/FreeRTOS/Source/tasks.o
                0x0800b66c                vTaskSuspendAll
 .text.xTaskResumeAll
                0x0800b688      0x1dc ./Middlewares/Third_Party/FreeRTOS/Source/tasks.o
                0x0800b688                xTaskResumeAll
 .text.xTaskGetTickCount
                0x0800b864       0x20 ./Middlewares/Third_Party/FreeRTOS/Source/tasks.o
                0x0800b864                xTaskGetTickCount
 .text.xTaskIncrementTick
                0x0800b884      0x220 ./Middlewares/Third_Party/FreeRTOS/Source/tasks.o
                0x0800b884                xTaskIncrementTick
 .text.vTaskSwitchContext
                0x0800baa4      0x140 ./Middlewares/Third_Party/FreeRTOS/Source/tasks.o
                0x0800baa4                vTaskSwitchContext
 .text.vTaskPlaceOnEventList
                0x0800bbe4       0x3c ./Middlewares/Third_Party/FreeRTOS/Source/tasks.o
                0x0800bbe4                vTaskPlaceOnEventList
 .text.vTaskPlaceOnEventListRestricted
                0x0800bc20       0x7c ./Middlewares/Third_Party/FreeRTOS/Source/tasks.o
                0x0800bc20                vTaskPlaceOnEventListRestricted
 .text.xTaskRemoveFromEventList
                0x0800bc9c      0x19c ./Middlewares/Third_Party/FreeRTOS/Source/tasks.o
                0x0800bc9c                xTaskRemoveFromEventList
 .text.vTaskInternalSetTimeOutState
                0x0800be38       0x2c ./Middlewares/Third_Party/FreeRTOS/Source/tasks.o
                0x0800be38                vTaskInternalSetTimeOutState
 .text.xTaskCheckForTimeOut
                0x0800be64       0xb0 ./Middlewares/Third_Party/FreeRTOS/Source/tasks.o
                0x0800be64                xTaskCheckForTimeOut
 .text.vTaskMissedYield
                0x0800bf14       0x18 ./Middlewares/Third_Party/FreeRTOS/Source/tasks.o
                0x0800bf14                vTaskMissedYield
 .text.prvIdleTask
                0x0800bf2c       0x20 ./Middlewares/Third_Party/FreeRTOS/Source/tasks.o
 .text.prvInitialiseTaskLists
                0x0800bf4c       0x80 ./Middlewares/Third_Party/FreeRTOS/Source/tasks.o
 .text.prvCheckTasksWaitingTermination
                0x0800bfcc       0x5c ./Middlewares/Third_Party/FreeRTOS/Source/tasks.o
 .text.prvDeleteTCB
                0x0800c028       0x60 ./Middlewares/Third_Party/FreeRTOS/Source/tasks.o
 .text.prvResetNextTaskUnblockTime
                0x0800c088       0x38 ./Middlewares/Third_Party/FreeRTOS/Source/tasks.o
 .text.xTaskGetSchedulerState
                0x0800c0c0       0x3c ./Middlewares/Third_Party/FreeRTOS/Source/tasks.o
                0x0800c0c0                xTaskGetSchedulerState
 .text.prvAddCurrentTaskToDelayedList
                0x0800c0fc       0xdc ./Middlewares/Third_Party/FreeRTOS/Source/tasks.o
 .text.xTimerCreateTimerTask
                0x0800c1d8       0x80 ./Middlewares/Third_Party/FreeRTOS/Source/timers.o
                0x0800c1d8                xTimerCreateTimerTask
 .text.prvReloadTimer
                0x0800c258       0x42 ./Middlewares/Third_Party/FreeRTOS/Source/timers.o
 *fill*         0x0800c29a        0x2 
 .text.prvProcessExpiredTimer
                0x0800c29c       0x60 ./Middlewares/Third_Party/FreeRTOS/Source/timers.o
 .text.prvTimerTask
                0x0800c2fc       0x26 ./Middlewares/Third_Party/FreeRTOS/Source/timers.o
 *fill*         0x0800c322        0x2 
 .text.prvProcessTimerOrBlockTask
                0x0800c324       0x8c ./Middlewares/Third_Party/FreeRTOS/Source/timers.o
 .text.prvGetNextExpireTime
                0x0800c3b0       0x48 ./Middlewares/Third_Party/FreeRTOS/Source/timers.o
 .text.prvSampleTimeNow
                0x0800c3f8       0x40 ./Middlewares/Third_Party/FreeRTOS/Source/timers.o
 .text.prvInsertTimerInActiveList
                0x0800c438       0x84 ./Middlewares/Third_Party/FreeRTOS/Source/timers.o
 .text.prvProcessReceivedCommands
                0x0800c4bc      0x19c ./Middlewares/Third_Party/FreeRTOS/Source/timers.o
 .text.prvSwitchTimerLists
                0x0800c658       0x4c ./Middlewares/Third_Party/FreeRTOS/Source/timers.o
 .text.prvCheckForValidListAndQueue
                0x0800c6a4       0x80 ./Middlewares/Third_Party/FreeRTOS/Source/timers.o
 .text.vPortSetupTimerInterrupt
                0x0800c724       0x48 ./Middlewares/Third_Party/FreeRTOS/Source/portable/GCC/ARM_CM33_NTZ/non_secure/port.o
                0x0800c724                vPortSetupTimerInterrupt
 .text.prvTaskExitError
                0x0800c76c       0x38 ./Middlewares/Third_Party/FreeRTOS/Source/portable/GCC/ARM_CM33_NTZ/non_secure/port.o
 .text.vPortYield
                0x0800c7a4       0x24 ./Middlewares/Third_Party/FreeRTOS/Source/portable/GCC/ARM_CM33_NTZ/non_secure/port.o
                0x0800c7a4                vPortYield
 .text.vPortEnterCritical
                0x0800c7c8       0x24 ./Middlewares/Third_Party/FreeRTOS/Source/portable/GCC/ARM_CM33_NTZ/non_secure/port.o
                0x0800c7c8                vPortEnterCritical
 .text.vPortExitCritical
                0x0800c7ec       0x34 ./Middlewares/Third_Party/FreeRTOS/Source/portable/GCC/ARM_CM33_NTZ/non_secure/port.o
                0x0800c7ec                vPortExitCritical
 .text.xPortSysTickHandler
                0x0800c820       0x30 ./Middlewares/Third_Party/FreeRTOS/Source/portable/GCC/ARM_CM33_NTZ/non_secure/port.o
                0x0800c820                xPortSysTickHandler
 .text.vPortSVCHandler_C
                0x0800c850       0x32 ./Middlewares/Third_Party/FreeRTOS/Source/portable/GCC/ARM_CM33_NTZ/non_secure/port.o
                0x0800c850                vPortSVCHandler_C
 *fill*         0x0800c882        0x2 
 .text.pxPortInitialiseStack
                0x0800c884      0x114 ./Middlewares/Third_Party/FreeRTOS/Source/portable/GCC/ARM_CM33_NTZ/non_secure/port.o
                0x0800c884                pxPortInitialiseStack
 .text.xPortStartScheduler
                0x0800c998       0x40 ./Middlewares/Third_Party/FreeRTOS/Source/portable/GCC/ARM_CM33_NTZ/non_secure/port.o
                0x0800c998                xPortStartScheduler
 *fill*         0x0800c9d8        0x8 
 .text.vRestoreContextOfFirstTask
                0x0800c9e0       0x38 ./Middlewares/Third_Party/FreeRTOS/Source/portable/GCC/ARM_CM33_NTZ/non_secure/portasm.o
                0x0800c9e0                vRestoreContextOfFirstTask
 *fill*         0x0800ca18        0x8 
 .text.vStartFirstTask
                0x0800ca20       0x28 ./Middlewares/Third_Party/FreeRTOS/Source/portable/GCC/ARM_CM33_NTZ/non_secure/portasm.o
                0x0800ca20                vStartFirstTask
 .text.ulSetInterruptMask
                0x0800ca48       0x1a ./Middlewares/Third_Party/FreeRTOS/Source/portable/GCC/ARM_CM33_NTZ/non_secure/portasm.o
                0x0800ca48                ulSetInterruptMask
 .text.vClearInterruptMask
                0x0800ca62       0x10 ./Middlewares/Third_Party/FreeRTOS/Source/portable/GCC/ARM_CM33_NTZ/non_secure/portasm.o
                0x0800ca62                vClearInterruptMask
 *fill*         0x0800ca72        0xe 
 .text.PendSV_Handler
                0x0800ca80       0x58 ./Middlewares/Third_Party/FreeRTOS/Source/portable/GCC/ARM_CM33_NTZ/non_secure/portasm.o
                0x0800ca80                PendSV_Handler
 *fill*         0x0800cad8        0x8 
 .text.SVC_Handler
                0x0800cae0       0x28 ./Middlewares/Third_Party/FreeRTOS/Source/portable/GCC/ARM_CM33_NTZ/non_secure/portasm.o
                0x0800cae0                SVC_Handler
 .text.pvPortMalloc
                0x0800cb08      0x158 ./Middlewares/Third_Party/FreeRTOS/Source/portable/MemMang/heap_4.o
                0x0800cb08                pvPortMalloc
 .text.vPortFree
                0x0800cc60       0x9c ./Middlewares/Third_Party/FreeRTOS/Source/portable/MemMang/heap_4.o
                0x0800cc60                vPortFree
 .text.prvHeapInit
                0x0800ccfc       0xb8 ./Middlewares/Third_Party/FreeRTOS/Source/portable/MemMang/heap_4.o
 .text.prvInsertBlockIntoFreeList
                0x0800cdb4       0xb4 ./Middlewares/Third_Party/FreeRTOS/Source/portable/MemMang/heap_4.o
 .text.__malloc_lock
                0x0800ce68        0xc C:/ST/STM32CubeIDE_1.8.0/STM32CubeIDE/plugins/com.st.stm32cube.ide.mcu.externaltools.gnu-tools-for-stm32.12.3.rel1.win32_1.0.100.202403111256/tools/bin/../lib/gcc/arm-none-eabi/12.3.1/../../../../arm-none-eabi/lib/thumb/v8-m.main+fp/hard\libc_nano.a(libc_a-mlock.o)
                0x0800ce68                __malloc_lock
 .text.__malloc_unlock
                0x0800ce74        0xc C:/ST/STM32CubeIDE_1.8.0/STM32CubeIDE/plugins/com.st.stm32cube.ide.mcu.externaltools.gnu-tools-for-stm32.12.3.rel1.win32_1.0.100.202403111256/tools/bin/../lib/gcc/arm-none-eabi/12.3.1/../../../../arm-none-eabi/lib/thumb/v8-m.main+fp/hard\libc_nano.a(libc_a-mlock.o)
                0x0800ce74                __malloc_unlock
 .text.memset   0x0800ce80       0x10 C:/ST/STM32CubeIDE_1.8.0/STM32CubeIDE/plugins/com.st.stm32cube.ide.mcu.externaltools.gnu-tools-for-stm32.12.3.rel1.win32_1.0.100.202403111256/tools/bin/../lib/gcc/arm-none-eabi/12.3.1/../../../../arm-none-eabi/lib/thumb/v8-m.main+fp/hard\libc_nano.a(libc_a-memset.o)
                0x0800ce80                memset
 .text._reclaim_reent
                0x0800ce90       0xac C:/ST/STM32CubeIDE_1.8.0/STM32CubeIDE/plugins/com.st.stm32cube.ide.mcu.externaltools.gnu-tools-for-stm32.12.3.rel1.win32_1.0.100.202403111256/tools/bin/../lib/gcc/arm-none-eabi/12.3.1/../../../../arm-none-eabi/lib/thumb/v8-m.main+fp/hard\libc_nano.a(libc_a-reent.o)
                0x0800ce90                _reclaim_reent
 .text.__libc_init_array
                0x0800cf3c       0x48 C:/ST/STM32CubeIDE_1.8.0/STM32CubeIDE/plugins/com.st.stm32cube.ide.mcu.externaltools.gnu-tools-for-stm32.12.3.rel1.win32_1.0.100.202403111256/tools/bin/../lib/gcc/arm-none-eabi/12.3.1/../../../../arm-none-eabi/lib/thumb/v8-m.main+fp/hard\libc_nano.a(libc_a-init.o)
                0x0800cf3c                __libc_init_array
 .text.memcpy   0x0800cf84       0x1a C:/ST/STM32CubeIDE_1.8.0/STM32CubeIDE/plugins/com.st.stm32cube.ide.mcu.externaltools.gnu-tools-for-stm32.12.3.rel1.win32_1.0.100.202403111256/tools/bin/../lib/gcc/arm-none-eabi/12.3.1/../../../../arm-none-eabi/lib/thumb/v8-m.main+fp/hard\libc_nano.a(libc_a-memcpy-stub.o)
                0x0800cf84                memcpy
 *fill*         0x0800cf9e        0x2 
 .text._free_r  0x0800cfa0       0x94 C:/ST/STM32CubeIDE_1.8.0/STM32CubeIDE/plugins/com.st.stm32cube.ide.mcu.externaltools.gnu-tools-for-stm32.12.3.rel1.win32_1.0.100.202403111256/tools/bin/../lib/gcc/arm-none-eabi/12.3.1/../../../../arm-none-eabi/lib/thumb/v8-m.main+fp/hard\libc_nano.a(libc_a-freer.o)
                0x0800cfa0                _free_r
 *(.glue_7)
 .glue_7        0x0800d034        0x0 linker stubs
 *(.glue_7t)
 .glue_7t       0x0800d034        0x0 linker stubs
 *(.eh_frame)
 .eh_frame      0x0800d034        0x0 C:/ST/STM32CubeIDE_1.8.0/STM32CubeIDE/plugins/com.st.stm32cube.ide.mcu.externaltools.gnu-tools-for-stm32.12.3.rel1.win32_1.0.100.202403111256/tools/bin/../lib/gcc/arm-none-eabi/12.3.1/thumb/v8-m.main+fp/hard/crtbegin.o
 *(.init)
 .init          0x0800d034        0x4 C:/ST/STM32CubeIDE_1.8.0/STM32CubeIDE/plugins/com.st.stm32cube.ide.mcu.externaltools.gnu-tools-for-stm32.12.3.rel1.win32_1.0.100.202403111256/tools/bin/../lib/gcc/arm-none-eabi/12.3.1/thumb/v8-m.main+fp/hard/crti.o
                0x0800d034                _init
 .init          0x0800d038        0x8 C:/ST/STM32CubeIDE_1.8.0/STM32CubeIDE/plugins/com.st.stm32cube.ide.mcu.externaltools.gnu-tools-for-stm32.12.3.rel1.win32_1.0.100.202403111256/tools/bin/../lib/gcc/arm-none-eabi/12.3.1/thumb/v8-m.main+fp/hard/crtn.o
 *(.fini)
 .fini          0x0800d040        0x4 C:/ST/STM32CubeIDE_1.8.0/STM32CubeIDE/plugins/com.st.stm32cube.ide.mcu.externaltools.gnu-tools-for-stm32.12.3.rel1.win32_1.0.100.202403111256/tools/bin/../lib/gcc/arm-none-eabi/12.3.1/thumb/v8-m.main+fp/hard/crti.o
                0x0800d040                _fini
 .fini          0x0800d044        0x8 C:/ST/STM32CubeIDE_1.8.0/STM32CubeIDE/plugins/com.st.stm32cube.ide.mcu.externaltools.gnu-tools-for-stm32.12.3.rel1.win32_1.0.100.202403111256/tools/bin/../lib/gcc/arm-none-eabi/12.3.1/thumb/v8-m.main+fp/hard/crtn.o
                0x0800d04c                        _etext = .

.vfp11_veneer   0x0800d04c        0x0
 .vfp11_veneer  0x0800d04c        0x0 linker stubs

.v4_bx          0x0800d04c        0x0
 .v4_bx         0x0800d04c        0x0 linker stubs

.iplt           0x0800d04c        0x0
 .iplt          0x0800d04c        0x0 C:/ST/STM32CubeIDE_1.8.0/STM32CubeIDE/plugins/com.st.stm32cube.ide.mcu.externaltools.gnu-tools-for-stm32.12.3.rel1.win32_1.0.100.202403111256/tools/bin/../lib/gcc/arm-none-eabi/12.3.1/thumb/v8-m.main+fp/hard/crtbegin.o

.rodata         0x0800d04c      0x4c4
 *(.rodata)
 .rodata        0x0800d04c      0x139 ./Core/Src/app_freertos.o
 *fill*         0x0800d185        0x3 
 .rodata        0x0800d188       0x30 ./Middlewares/Third_Party/FreeRTOS/Source/tasks.o
 .rodata        0x0800d1b8        0xd ./Middlewares/Third_Party/FreeRTOS/Source/timers.o
 *(.rodata*)
 *fill*         0x0800d1c5        0x3 
 .rodata.mainTask_attributes
                0x0800d1c8       0x24 ./Core/Src/app_freertos.o
                0x0800d1c8                mainTask_attributes
 .rodata.wifiTask_attributes
                0x0800d1ec       0x24 ./Core/Src/app_freertos.o
                0x0800d1ec                wifiTask_attributes
 .rodata.sensorADCTask_attributes
                0x0800d210       0x24 ./Core/Src/app_freertos.o
                0x0800d210                sensorADCTask_attributes
 .rodata.buttonTask_attributes
                0x0800d234       0x24 ./Core/Src/app_freertos.o
                0x0800d234                buttonTask_attributes
 .rodata.sensorBMETask_attributes
                0x0800d258       0x24 ./Core/Src/app_freertos.o
                0x0800d258                sensorBMETask_attributes
 .rodata.sensorzmod4410Task_attributes
                0x0800d27c       0x24 ./Core/Src/app_freertos.o
                0x0800d27c                sensorzmod4410Task_attributes
 .rodata.sensorzmod4450Task_attributes
                0x0800d2a0       0x24 ./Core/Src/app_freertos.o
                0x0800d2a0                sensorzmod4450Task_attributes
 .rodata.batteryTask_attributes
                0x0800d2c4       0x24 ./Core/Src/app_freertos.o
                0x0800d2c4                batteryTask_attributes
 .rodata.SDCardTask_attributes
                0x0800d2e8       0x24 ./Core/Src/app_freertos.o
                0x0800d2e8                SDCardTask_attributes
 .rodata.watchdogTask_attributes
                0x0800d30c       0x24 ./Core/Src/app_freertos.o
                0x0800d30c                watchdogTask_attributes
 .rodata.sensorADCQueue_attributes
                0x0800d330       0x18 ./Core/Src/app_freertos.o
                0x0800d330                sensorADCQueue_attributes
 .rodata.wifiQueue_attributes
                0x0800d348       0x18 ./Core/Src/app_freertos.o
                0x0800d348                wifiQueue_attributes
 .rodata.sensorBMEQueue_attributes
                0x0800d360       0x18 ./Core/Src/app_freertos.o
                0x0800d360                sensorBMEQueue_attributes
 .rodata.sensorZMOD4410Queue_attributes
                0x0800d378       0x18 ./Core/Src/app_freertos.o
                0x0800d378                sensorZMOD4410Queue_attributes
 .rodata.sensorZMOD4450Queue_attributes
                0x0800d390       0x18 ./Core/Src/app_freertos.o
                0x0800d390                sensorZMOD4450Queue_attributes
 .rodata.batteryQueue_attributes
                0x0800d3a8       0x18 ./Core/Src/app_freertos.o
                0x0800d3a8                batteryQueue_attributes
 .rodata.SDcardQueue_attributes
                0x0800d3c0       0x18 ./Core/Src/app_freertos.o
                0x0800d3c0                SDcardQueue_attributes
 .rodata.buttonClickEvent_attributes
                0x0800d3d8       0x10 ./Core/Src/app_freertos.o
                0x0800d3d8                buttonClickEvent_attributes
 .rodata.dataReadyEvent_attributes
                0x0800d3e8       0x10 ./Core/Src/app_freertos.o
                0x0800d3e8                dataReadyEvent_attributes
 .rodata.readSensorsEvent_attributes
                0x0800d3f8       0x10 ./Core/Src/app_freertos.o
                0x0800d3f8                readSensorsEvent_attributes
 .rodata.AHBPrescTable
                0x0800d408       0x10 ./Core/Src/system_stm32u5xx.o
                0x0800d408                AHBPrescTable
 .rodata.APBPrescTable
                0x0800d418        0x8 ./Core/Src/system_stm32u5xx.o
                0x0800d418                APBPrescTable
 .rodata.MSIRangeTable
                0x0800d420       0x40 ./Core/Src/system_stm32u5xx.o
                0x0800d420                MSIRangeTable
 .rodata.LPGPIO_Map
                0x0800d460       0x80 ./Drivers/STM32U5xx_HAL_Driver/Src/stm32u5xx_hal_gpio.o
 .rodata.USART_PRESCALER_TAB
                0x0800d4e0       0x30 ./Drivers/STM32U5xx_HAL_Driver/Src/stm32u5xx_ll_usart.o

.ARM.extab
 *(.ARM.extab* .gnu.linkonce.armextab.*)

.ARM            0x0800d510        0x0
                0x0800d510                        __exidx_start = .
 *(.ARM.exidx*)
                0x0800d510                        __exidx_end = .

.preinit_array  0x0800d510        0x0
                0x0800d510                        PROVIDE (__preinit_array_start = .)
 *(.preinit_array*)
                0x0800d510                        PROVIDE (__preinit_array_end = .)

.init_array     0x0800d510        0x4
                0x0800d510                        PROVIDE (__init_array_start = .)
 *(SORT_BY_NAME(.init_array.*))
 *(.init_array*)
 .init_array    0x0800d510        0x4 C:/ST/STM32CubeIDE_1.8.0/STM32CubeIDE/plugins/com.st.stm32cube.ide.mcu.externaltools.gnu-tools-for-stm32.12.3.rel1.win32_1.0.100.202403111256/tools/bin/../lib/gcc/arm-none-eabi/12.3.1/thumb/v8-m.main+fp/hard/crtbegin.o
                0x0800d514                        PROVIDE (__init_array_end = .)

.fini_array     0x0800d514        0x4
                [!provide]                        PROVIDE (__fini_array_start = .)
 *(SORT_BY_NAME(.fini_array.*))
 *(.fini_array*)
 .fini_array    0x0800d514        0x4 C:/ST/STM32CubeIDE_1.8.0/STM32CubeIDE/plugins/com.st.stm32cube.ide.mcu.externaltools.gnu-tools-for-stm32.12.3.rel1.win32_1.0.100.202403111256/tools/bin/../lib/gcc/arm-none-eabi/12.3.1/thumb/v8-m.main+fp/hard/crtbegin.o
                [!provide]                        PROVIDE (__fini_array_end = .)
                0x0800d518                        _sidata = LOADADDR (.data)

.rel.dyn        0x0800d518        0x0
 .rel.iplt      0x0800d518        0x0 C:/ST/STM32CubeIDE_1.8.0/STM32CubeIDE/plugins/com.st.stm32cube.ide.mcu.externaltools.gnu-tools-for-stm32.12.3.rel1.win32_1.0.100.202403111256/tools/bin/../lib/gcc/arm-none-eabi/12.3.1/thumb/v8-m.main+fp/hard/crtbegin.o

.data           0x20000000       0x80 load address 0x0800d518
                0x20000000                        _sdata = .
 *(.data)
 *(.data*)
 .data.SystemCoreClock
                0x20000000        0x4 ./Core/Src/system_stm32u5xx.o
                0x20000000                SystemCoreClock
 .data.uwTickPrio
                0x20000004        0x4 ./Drivers/STM32U5xx_HAL_Driver/Src/stm32u5xx_hal.o
                0x20000004                uwTickPrio
 .data.uwTickFreq
                0x20000008        0x1 ./Drivers/STM32U5xx_HAL_Driver/Src/stm32u5xx_hal.o
                0x20000008                uwTickFreq
 *fill*         0x20000009        0x3 
 .data.pFlash   0x2000000c       0x1c ./Drivers/STM32U5xx_HAL_Driver/Src/stm32u5xx_hal_flash.o
                0x2000000c                pFlash
 .data.uxTopUsedPriority
                0x20000028        0x4 ./Middlewares/Third_Party/FreeRTOS/Source/tasks.o
                0x20000028                uxTopUsedPriority
 .data.ulCriticalNesting
                0x2000002c        0x4 ./Middlewares/Third_Party/FreeRTOS/Source/portable/GCC/ARM_CM33_NTZ/non_secure/port.o
 .data._impure_ptr
                0x20000030        0x4 C:/ST/STM32CubeIDE_1.8.0/STM32CubeIDE/plugins/com.st.stm32cube.ide.mcu.externaltools.gnu-tools-for-stm32.12.3.rel1.win32_1.0.100.202403111256/tools/bin/../lib/gcc/arm-none-eabi/12.3.1/../../../../arm-none-eabi/lib/thumb/v8-m.main+fp/hard\libc_nano.a(libc_a-impure.o)
                0x20000030                _impure_ptr
 .data._impure_data
                0x20000034       0x4c C:/ST/STM32CubeIDE_1.8.0/STM32CubeIDE/plugins/com.st.stm32cube.ide.mcu.externaltools.gnu-tools-for-stm32.12.3.rel1.win32_1.0.100.202403111256/tools/bin/../lib/gcc/arm-none-eabi/12.3.1/../../../../arm-none-eabi/lib/thumb/v8-m.main+fp/hard\libc_nano.a(libc_a-impure.o)
                0x20000034                _impure_data
 *(.RamFunc)
 *(.RamFunc*)
                0x20000080                        _edata = .

.igot.plt       0x20000080        0x0 load address 0x0800d598
 .igot.plt      0x20000080        0x0 C:/ST/STM32CubeIDE_1.8.0/STM32CubeIDE/plugins/com.st.stm32cube.ide.mcu.externaltools.gnu-tools-for-stm32.12.3.rel1.win32_1.0.100.202403111256/tools/bin/../lib/gcc/arm-none-eabi/12.3.1/thumb/v8-m.main+fp/hard/crtbegin.o

.bss            0x20000080     0xa09c load address 0x0800d598
                0x20000080                        _sbss = .
                0x20000080                        __bss_start__ = _sbss
 *(.bss)
 .bss           0x20000080       0x1c C:/ST/STM32CubeIDE_1.8.0/STM32CubeIDE/plugins/com.st.stm32cube.ide.mcu.externaltools.gnu-tools-for-stm32.12.3.rel1.win32_1.0.100.202403111256/tools/bin/../lib/gcc/arm-none-eabi/12.3.1/thumb/v8-m.main+fp/hard/crtbegin.o
 *(.bss*)
 .bss.mainTaskHandle
                0x2000009c        0x4 ./Core/Src/app_freertos.o
                0x2000009c                mainTaskHandle
 .bss.wifiTaskHandle
                0x200000a0        0x4 ./Core/Src/app_freertos.o
                0x200000a0                wifiTaskHandle
 .bss.sensorADCTaskHandle
                0x200000a4        0x4 ./Core/Src/app_freertos.o
                0x200000a4                sensorADCTaskHandle
 .bss.buttonTaskHandle
                0x200000a8        0x4 ./Core/Src/app_freertos.o
                0x200000a8                buttonTaskHandle
 .bss.sensorBMETaskHandle
                0x200000ac        0x4 ./Core/Src/app_freertos.o
                0x200000ac                sensorBMETaskHandle
 .bss.sensorzmod4410TaskHandle
                0x200000b0        0x4 ./Core/Src/app_freertos.o
                0x200000b0                sensorzmod4410TaskHandle
 .bss.sensorzmod4450TaskHandle
                0x200000b4        0x4 ./Core/Src/app_freertos.o
                0x200000b4                sensorzmod4450TaskHandle
 .bss.batteryTaskHandle
                0x200000b8        0x4 ./Core/Src/app_freertos.o
                0x200000b8                batteryTaskHandle
 .bss.SDCardTaskHandle
                0x200000bc        0x4 ./Core/Src/app_freertos.o
                0x200000bc                SDCardTaskHandle
 .bss.watchdogTaskHandle
                0x200000c0        0x4 ./Core/Src/app_freertos.o
                0x200000c0                watchdogTaskHandle
 .bss.sensorADCQueueHandle
                0x200000c4        0x4 ./Core/Src/app_freertos.o
                0x200000c4                sensorADCQueueHandle
 .bss.wifiQueueHandle
                0x200000c8        0x4 ./Core/Src/app_freertos.o
                0x200000c8                wifiQueueHandle
 .bss.sensorBMEQueueHandle
                0x200000cc        0x4 ./Core/Src/app_freertos.o
                0x200000cc                sensorBMEQueueHandle
 .bss.sensorZMOD4410QueueHandle
                0x200000d0        0x4 ./Core/Src/app_freertos.o
                0x200000d0                sensorZMOD4410QueueHandle
 .bss.sensorZMOD4450QueueHandle
                0x200000d4        0x4 ./Core/Src/app_freertos.o
                0x200000d4                sensorZMOD4450QueueHandle
 .bss.batteryQueueHandle
                0x200000d8        0x4 ./Core/Src/app_freertos.o
                0x200000d8                batteryQueueHandle
 .bss.SDcardQueueHandle
                0x200000dc        0x4 ./Core/Src/app_freertos.o
                0x200000dc                SDcardQueueHandle
 .bss.buttonClickEventHandle
                0x200000e0        0x4 ./Core/Src/app_freertos.o
                0x200000e0                buttonClickEventHandle
 .bss.dataReadyEventHandle
                0x200000e4        0x4 ./Core/Src/app_freertos.o
                0x200000e4                dataReadyEventHandle
 .bss.readSensorsEventHandle
                0x200000e8        0x4 ./Core/Src/app_freertos.o
                0x200000e8                readSensorsEventHandle
 .bss.hi2c1     0x200000ec       0x84 ./Core/Src/i2c.o
                0x200000ec                hi2c1
 .bss.hi2c2     0x20000170       0x84 ./Core/Src/i2c.o
                0x20000170                hi2c2
 .bss.hi2c3     0x200001f4       0x84 ./Core/Src/i2c.o
                0x200001f4                hi2c3
 .bss.hi2c4     0x20000278       0x84 ./Core/Src/i2c.o
                0x20000278                hi2c4
 .bss.hrtc      0x200002fc       0x98 ./Core/Src/rtc.o
                0x200002fc                hrtc
 .bss.hspi1     0x20000394       0xbc ./Core/Src/spi.o
                0x20000394                hspi1
 .bss.hspi3     0x20000450       0xbc ./Core/Src/spi.o
                0x20000450                hspi3
 .bss.handle_GPDMA1_Channel1
                0x2000050c       0x78 ./Core/Src/spi.o
                0x2000050c                handle_GPDMA1_Channel1
 .bss.handle_GPDMA1_Channel0
                0x20000584       0x78 ./Core/Src/spi.o
                0x20000584                handle_GPDMA1_Channel0
 .bss.htim17    0x200005fc       0xcc ./Core/Src/stm32u5xx_hal_timebase_tim.o
                0x200005fc                htim17
 .bss.htim1     0x200006c8       0xcc ./Core/Src/tim.o
                0x200006c8                htim1
 .bss.htim3     0x20000794       0xcc ./Core/Src/tim.o
                0x20000794                htim3
 .bss.htim8     0x20000860       0xcc ./Core/Src/tim.o
                0x20000860                htim8
 .bss.__lock___malloc_recursive_mutex
                0x2000092c        0x2 ./Core/ThreadSafe/newlib_lock_glue.o
                0x2000092c                __lock___malloc_recursive_mutex
 *fill*         0x2000092e        0x2 
 .bss.uwTick    0x20000930        0x4 ./Drivers/STM32U5xx_HAL_Driver/Src/stm32u5xx_hal.o
                0x20000930                uwTick
 .bss.KernelState
                0x20000934        0x4 ./Middlewares/Third_Party/FreeRTOS/Source/CMSIS_RTOS_V2/cmsis_os2.o
 .bss.Idle_TCB.3
                0x20000938       0xb0 ./Middlewares/Third_Party/FreeRTOS/Source/CMSIS_RTOS_V2/cmsis_os2.o
 .bss.Idle_Stack.2
                0x200009e8      0x200 ./Middlewares/Third_Party/FreeRTOS/Source/CMSIS_RTOS_V2/cmsis_os2.o
 .bss.Timer_TCB.1
                0x20000be8       0xb0 ./Middlewares/Third_Party/FreeRTOS/Source/CMSIS_RTOS_V2/cmsis_os2.o
 .bss.Timer_Stack.0
                0x20000c98      0x400 ./Middlewares/Third_Party/FreeRTOS/Source/CMSIS_RTOS_V2/cmsis_os2.o
 .bss.xQueueRegistry
                0x20001098       0x40 ./Middlewares/Third_Party/FreeRTOS/Source/queue.o
                0x20001098                xQueueRegistry
 .bss.pxCurrentTCB
                0x200010d8        0x4 ./Middlewares/Third_Party/FreeRTOS/Source/tasks.o
                0x200010d8                pxCurrentTCB
 .bss.pxReadyTasksLists
                0x200010dc      0x460 ./Middlewares/Third_Party/FreeRTOS/Source/tasks.o
 .bss.xDelayedTaskList1
                0x2000153c       0x14 ./Middlewares/Third_Party/FreeRTOS/Source/tasks.o
 .bss.xDelayedTaskList2
                0x20001550       0x14 ./Middlewares/Third_Party/FreeRTOS/Source/tasks.o
 .bss.pxDelayedTaskList
                0x20001564        0x4 ./Middlewares/Third_Party/FreeRTOS/Source/tasks.o
 .bss.pxOverflowDelayedTaskList
                0x20001568        0x4 ./Middlewares/Third_Party/FreeRTOS/Source/tasks.o
 .bss.xPendingReadyList
                0x2000156c       0x14 ./Middlewares/Third_Party/FreeRTOS/Source/tasks.o
 .bss.xTasksWaitingTermination
                0x20001580       0x14 ./Middlewares/Third_Party/FreeRTOS/Source/tasks.o
 .bss.uxDeletedTasksWaitingCleanUp
                0x20001594        0x4 ./Middlewares/Third_Party/FreeRTOS/Source/tasks.o
 .bss.xSuspendedTaskList
                0x20001598       0x14 ./Middlewares/Third_Party/FreeRTOS/Source/tasks.o
 .bss.uxCurrentNumberOfTasks
                0x200015ac        0x4 ./Middlewares/Third_Party/FreeRTOS/Source/tasks.o
 .bss.xTickCount
                0x200015b0        0x4 ./Middlewares/Third_Party/FreeRTOS/Source/tasks.o
 .bss.uxTopReadyPriority
                0x200015b4        0x4 ./Middlewares/Third_Party/FreeRTOS/Source/tasks.o
 .bss.xSchedulerRunning
                0x200015b8        0x4 ./Middlewares/Third_Party/FreeRTOS/Source/tasks.o
 .bss.xPendedTicks
                0x200015bc        0x4 ./Middlewares/Third_Party/FreeRTOS/Source/tasks.o
 .bss.xYieldPending
                0x200015c0        0x4 ./Middlewares/Third_Party/FreeRTOS/Source/tasks.o
 .bss.xNumOfOverflows
                0x200015c4        0x4 ./Middlewares/Third_Party/FreeRTOS/Source/tasks.o
 .bss.uxTaskNumber
                0x200015c8        0x4 ./Middlewares/Third_Party/FreeRTOS/Source/tasks.o
 .bss.xNextTaskUnblockTime