../Core/Src/app_freertos.c:194:6:vApplicationStackOverflowHook	16	static
../Core/Src/app_freertos.c:204:13:configureTimerForRunTimeStats	4	static
../Core/Src/app_freertos.c:209:22:getRunTimeCounterValue	4	static
../Core/Src/app_freertos.c:220:6:MX_FREERTOS_Init	8	static
../Core/Src/app_freertos.c:309:6:StartMainTask	16	static
../Core/Src/app_freertos.c:327:6:StartWifiTask	16	static
../Core/Src/app_freertos.c:345:6:StartsensorADCTask	16	static
../Core/Src/app_freertos.c:363:6:StartButtonTask	16	static
../Core/Src/app_freertos.c:381:6:StartsensorsBMETask	16	static
../Core/Src/app_freertos.c:399:6:Startsensorzmod4410Task	16	static
../Core/Src/app_freertos.c:417:6:Startsensorzmod4450Task	16	static
../Core/Src/app_freertos.c:435:6:StartTask08	16	static
../Core/Src/app_freertos.c:453:6:StartSDCardTask	16	static
../Core/Src/app_freertos.c:471:6:StartwatchdogTask	16	static
