../Core/Src/stm32u5xx_it.c:80:6:NMI_Handler	4	static
../Core/Src/stm32u5xx_it.c:95:6:HardFault_Handler	4	static
../Core/Src/stm32u5xx_it.c:110:6:MemManage_Handler	4	static
../Core/Src/stm32u5xx_it.c:125:6:BusFault_Handler	4	static
../Core/Src/stm32u5xx_it.c:140:6:UsageFault_Handler	4	static
../Core/Src/stm32u5xx_it.c:155:6:DebugMon_Handler	4	static
../Core/Src/stm32u5xx_it.c:175:6:FLASH_IRQHandler	8	static
../Core/Src/stm32u5xx_it.c:189:6:RCC_IRQHandler	4	static
../Core/Src/stm32u5xx_it.c:202:6:EXTI2_IRQHandler	8	static
../Core/Src/stm32u5xx_it.c:216:6:EXTI5_IRQHandler	8	static
../Core/Src/stm32u5xx_it.c:230:6:EXTI7_IRQHandler	8	static
../Core/Src/stm32u5xx_it.c:244:6:GPDMA1_Channel0_IRQHandler	8	static
../Core/Src/stm32u5xx_it.c:258:6:GPDMA1_Channel1_IRQHandler	8	static
../Core/Src/stm32u5xx_it.c:272:6:TIM3_IRQHandler	8	static
../Core/Src/stm32u5xx_it.c:286:6:TIM8_UP_IRQHandler	8	static
../Core/Src/stm32u5xx_it.c:300:6:TIM8_TRG_COM_IRQHandler	8	static
../Core/Src/stm32u5xx_it.c:314:6:TIM8_CC_IRQHandler	8	static
../Core/Src/stm32u5xx_it.c:328:6:I2C1_EV_IRQHandler	8	static
../Core/Src/stm32u5xx_it.c:342:6:I2C1_ER_IRQHandler	8	static
../Core/Src/stm32u5xx_it.c:356:6:I2C2_EV_IRQHandler	8	static
../Core/Src/stm32u5xx_it.c:370:6:I2C2_ER_IRQHandler	8	static
../Core/Src/stm32u5xx_it.c:384:6:SPI1_IRQHandler	8	static
../Core/Src/stm32u5xx_it.c:398:6:USART1_IRQHandler	4	static
../Core/Src/stm32u5xx_it.c:411:6:TIM17_IRQHandler	8	static
../Core/Src/stm32u5xx_it.c:425:6:I2C3_EV_IRQHandler	8	static
../Core/Src/stm32u5xx_it.c:439:6:I2C3_ER_IRQHandler	8	static
../Core/Src/stm32u5xx_it.c:453:6:SPI3_IRQHandler	8	static
../Core/Src/stm32u5xx_it.c:467:6:I2C4_EV_IRQHandler	8	static
../Core/Src/stm32u5xx_it.c:481:6:I2C4_ER_IRQHandler	8	static
../Core/Src/stm32u5xx_it.c:495:6:ICACHE_IRQHandler	8	static
